Archive member included to satisfy reference by file (symbol)

C:/devkitPro/wut/lib\libwut.a(vpad.o)
                              main.o (VPADInit)
C:/devkitPro/wut/lib\libwut.a(nsysnet.o)
                              udp.o (connect)
C:/devkitPro/wut/lib\libwut.a(padscore.o)
                              main.o (KPADInit)
C:/devkitPro/wut/lib\libwut.a(coreinit.o)
                              main.o (DCFlushRange)
C:/devkitPro/wut/lib\libwut.a(crt0_rpx.o)
                              (__rpx_start)
C:/devkitPro/wut/lib\libwut.a(wut_crt.o)
                              C:/devkitPro/wut/lib\libwut.a(crt0_rpx.o) (__init_wut)
C:/devkitPro/wut/lib\libwut.a(wut_newlib.o)
                              C:/devkitPro/wut/lib\libwut.a(wut_crt.o) (__init_wut_newlib)
C:/devkitPro/wut/lib\libwut.a(wut_gettod_r.o)
                              C:/devkitPro/wut/lib\libwut.a(wut_newlib.o) (__wut_gettod_r)
C:/devkitPro/wut/lib\libwut.a(wut_nanosleep.o)
                              C:/devkitPro/wut/lib\libwut.a(wut_newlib.o) (__wut_nanosleep)
C:/devkitPro/wut/lib\libwut.a(wut_malloc.o)
                              C:/devkitPro/wut/lib\libwut.a(wut_crt.o) (__init_wut_malloc)
C:/devkitPro/wut/lib\libwut.a(devoptab_fs.o)
                              C:/devkitPro/wut/lib\libwut.a(wut_crt.o) (__init_wut_devoptab)
C:/devkitPro/wut/lib\libwut.a(devoptab_fs_dirclose.o)
                              C:/devkitPro/wut/lib\libwut.a(devoptab_fs.o) (__wut_fs_dirclose)
C:/devkitPro/wut/lib\libwut.a(devoptab_fs_seek.o)
                              C:/devkitPro/wut/lib\libwut.a(devoptab_fs.o) (__wut_fs_seek)
C:/devkitPro/wut/lib\libwut.a(devoptab_fs_dirreset.o)
                              C:/devkitPro/wut/lib\libwut.a(devoptab_fs.o) (__wut_fs_dirreset)
C:/devkitPro/wut/lib\libwut.a(devoptab_fs_rmdir.o)
                              C:/devkitPro/wut/lib\libwut.a(devoptab_fs.o) (__wut_fs_rmdir)
C:/devkitPro/wut/lib\libwut.a(devoptab_fs_open.o)
                              C:/devkitPro/wut/lib\libwut.a(devoptab_fs.o) (__wut_fs_open)
C:/devkitPro/wut/lib\libwut.a(devoptab_fs_write.o)
                              C:/devkitPro/wut/lib\libwut.a(devoptab_fs.o) (__wut_fs_write)
C:/devkitPro/wut/lib\libwut.a(devoptab_fs_chmod.o)
                              C:/devkitPro/wut/lib\libwut.a(devoptab_fs.o) (__wut_fs_chmod)
C:/devkitPro/wut/lib\libwut.a(devoptab_fs_fchmod.o)
                              C:/devkitPro/wut/lib\libwut.a(devoptab_fs.o) (__wut_fs_fchmod)
C:/devkitPro/wut/lib\libwut.a(devoptab_fs_mkdir.o)
                              C:/devkitPro/wut/lib\libwut.a(devoptab_fs.o) (__wut_fs_mkdir)
C:/devkitPro/wut/lib\libwut.a(devoptab_fs_dirnext.o)
                              C:/devkitPro/wut/lib\libwut.a(devoptab_fs.o) (__wut_fs_dirnext)
C:/devkitPro/wut/lib\libwut.a(devoptab_fs_statvfs.o)
                              C:/devkitPro/wut/lib\libwut.a(devoptab_fs.o) (__wut_fs_statvfs)
C:/devkitPro/wut/lib\libwut.a(devoptab_fs_truncate.o)
                              C:/devkitPro/wut/lib\libwut.a(devoptab_fs.o) (__wut_fs_ftruncate)
C:/devkitPro/wut/lib\libwut.a(devoptab_fs_rename.o)
                              C:/devkitPro/wut/lib\libwut.a(devoptab_fs.o) (__wut_fs_rename)
C:/devkitPro/wut/lib\libwut.a(libmanager.o)
                              main.o (WHBInitializeSocketLibrary)
C:/devkitPro/wut/lib\libwut.a(proc.o)
                              main.o (WHBProcInit)
C:/devkitPro/wut/lib\libwut.a(wut_gthread.o)
                              C:/devkitPro/wut/lib\libwut.a(wut_crt.o) (__init_wut_stdcpp)
C:/devkitPro/wut/lib\libwut.a(proc_ui.o)
                              C:/devkitPro/wut/lib\libwut.a(proc.o) (ProcUIDrawDoneRelease)
C:/devkitPro/wut/lib\libwut.a(sysapp.o)
                              C:/devkitPro/wut/lib\libwut.a(proc.o) (SYSRelaunchTitle)
C:/devkitPro/wut/lib\libwut.a(wut_lock.o)
                              C:/devkitPro/wut/lib\libwut.a(wut_newlib.o) (__wut_lock_init)
C:/devkitPro/wut/lib\libwut.a(devoptab_fs_stat.o)
                              C:/devkitPro/wut/lib\libwut.a(devoptab_fs.o) (__wut_fs_stat)
C:/devkitPro/wut/lib\libwut.a(devoptab_fs_chdir.o)
                              C:/devkitPro/wut/lib\libwut.a(devoptab_fs.o) (__wut_fs_chdir)
C:/devkitPro/wut/lib\libwut.a(devoptab_fs_fstat.o)
                              C:/devkitPro/wut/lib\libwut.a(devoptab_fs.o) (__wut_fs_fstat)
C:/devkitPro/wut/lib\libwut.a(devoptab_fs_link.o)
                              C:/devkitPro/wut/lib\libwut.a(devoptab_fs.o) (__wut_fs_link)
C:/devkitPro/wut/lib\libwut.a(devoptab_fs_read.o)
                              C:/devkitPro/wut/lib\libwut.a(devoptab_fs.o) (__wut_fs_read)
C:/devkitPro/wut/lib\libwut.a(devoptab_fs_utils.o)
                              C:/devkitPro/wut/lib\libwut.a(devoptab_fs_rmdir.o) (__wut_fs_fixpath)
C:/devkitPro/wut/lib\libwut.a(devoptab_fs_close.o)
[...]
Memory Configuration

Name             Origin             Length             Attributes
relmem           0x0000000000000000 0x0000000002000000 rw
codemem          0x0000000002000000 0x000000000e000000 xrw
datamem          0x0000000010000000 0x0000000032000000 rw
loadmem          0x00000000c0000000 0x0000000008000000 xrw
*default*        0x0000000000000000 0xffffffffffffffff

Linker script and memory map

                0x0000000002000000                . = ORIGIN (codemem)

.syscall
 *(.syscall .syscall.*)

.text           0x0000000002000000     0x3f18
 *crt0.o(*.init)
 *(.init)
 .init          0x0000000002000000        0xc c:/devkitpro/devkitppc/bin/../lib/gcc/powerpc-eabi/10.1.0/ecrti.o
                0x0000000002000000                __init
 .init          0x000000000200000c        0x4 c:/devkitpro/devkitppc/bin/../lib/gcc/powerpc-eabi/10.1.0/crtbegin.o
 .init          0x0000000002000010        0x4 c:/devkitpro/devkitppc/bin/../lib/gcc/powerpc-eabi/10.1.0/crtend.o
 .init          0x0000000002000014       0x10 c:/devkitpro/devkitppc/bin/../lib/gcc/powerpc-eabi/10.1.0/ecrtn.o
 *(.text)
 .text          0x0000000002000024       0x2c C:/devkitPro/wut/lib\libwut.a(crt0_rpx.o)
                0x0000000002000024                __rpx_start
 .text          0x0000000002000050       0x48 c:/devkitpro/devkitppc/bin/../lib/gcc/powerpc-eabi/10.1.0\libgcc.a(eabi.o)
                0x0000000002000050                __eabi
 *(.text.*)
 .text.deregister_tm_clones
                0x0000000002000098       0x30 c:/devkitpro/devkitppc/bin/../lib/gcc/powerpc-eabi/10.1.0/crtbegin.o
 .text.register_tm_clones
                0x00000000020000c8       0x3c c:/devkitpro/devkitppc/bin/../lib/gcc/powerpc-eabi/10.1.0/crtbegin.o
 .text.__do_global_dtors_aux
                0x0000000002000104       0xd0 c:/devkitpro/devkitppc/bin/../lib/gcc/powerpc-eabi/10.1.0/crtbegin.o
 .text.frame_dummy
                0x00000000020001d4       0x44 c:/devkitpro/devkitppc/bin/../lib/gcc/powerpc-eabi/10.1.0/crtbegin.o
 .text.startup.main
                0x0000000002000218      0x3e4 main.o
                                        0x2c4 (size before relaxing)
                0x0000000002000218                main
 .text.udp_print.part.0
                0x00000000020005fc       0xd8 udp.o
                                         0xc8 (size before relaxing)
 .text.udp_init
                0x00000000020006d4      0x118 udp.o
                                         0xd8 (size before relaxing)
                0x00000000020006d4                udp_init
 .text.udp_print
                0x00000000020007ec       0x14 udp.o
                0x00000000020007ec                udp_print
 .text.__init_wut
                0x0000000002000800       0x28 C:/devkitPro/wut/lib\libwut.a(wut_crt.o)
                0x0000000002000800                __init_wut
 .text.__fini_wut
                0x0000000002000828       0x28 C:/devkitPro/wut/lib\libwut.a(wut_crt.o)
                0x0000000002000828                __fini_wut
 .text.__syscall_lock_init
                0x0000000002000850        0x4 C:/devkitPro/wut/lib\libwut.a(wut_newlib.o)
                0x0000000002000850                __syscall_lock_init
 .text.__syscall_lock_release
                0x0000000002000854        0x4 C:/devkitPro/wut/lib\libwut.a(wut_newlib.o)
                0x0000000002000854                __syscall_lock_release
 .text.__syscall_lock_acquire
                0x0000000002000858        0x4 C:/devkitPro/wut/lib\libwut.a(wut_newlib.o)
                0x0000000002000858                __syscall_lock_acquire
 .text.__syscall_exit
                0x000000000200085c       0x3c C:/devkitPro/wut/lib\libwut.a(wut_newlib.o)
                0x000000000200085c                __syscall_exit
 .text.__syscall_nanosleep
                0x0000000002000898        0x4 C:/devkitPro/wut/lib\libwut.a(wut_newlib.o)
                0x0000000002000898                __syscall_nanosleep
 .text.__init_wut_newlib
                0x000000000200089c       0x14 C:/devkitPro/wut/lib\libwut.a(wut_newlib.o)
                0x000000000200089c                __init_wut_newlib
 .text.__fini_wut_newlib
                0x00000000020008b0        0x4 C:/devkitPro/wut/lib\libwut.a(wut_newlib.o)
                0x00000000020008b0                __fini_wut_newlib
 .text.__wut_nanosleep
                0x00000000020008b4       0xf4 C:/devkitPro/wut/lib\libwut.a(wut_nanosleep.o)
                                         0xd4 (size before relaxing)
                0x00000000020008b4                __wut_nanosleep
 .text.__init_wut_malloc
                0x00000000020009a8        0x4 C:/devkitPro/wut/lib\libwut.a(wut_malloc.o)
                0x00000000020009a8                __init_wut_malloc
 .text.__fini_wut_malloc
                0x00000000020009ac        0x4 C:/devkitPro/wut/lib\libwut.a(wut_malloc.o)
                0x00000000020009ac                __fini_wut_malloc
 .text._malloc_r
                0x00000000020009b0       0x60 C:/devkitPro/wut/lib\libwut.a(wut_malloc.o)
                0x00000000020009b0                _malloc_r
 .text._free_r  0x0000000002000a10       0x18 C:/devkitPro/wut/lib\libwut.a(wut_malloc.o)
                0x0000000002000a10                _free_r
 .text._memalign_r
                0x0000000002000a28       0x14 C:/devkitPro/wut/lib\libwut.a(wut_malloc.o)
                0x0000000002000a28                _memalign_r
 .text.__init_wut_devoptab
                0x0000000002000a3c      0x1c0 C:/devkitPro/wut/lib\libwut.a(devoptab_fs.o)
                                        0x160 (size before relaxing)
                0x0000000002000a3c                __init_wut_devoptab
 .text.__fini_wut_devoptab
                0x0000000002000bfc       0x80 C:/devkitPro/wut/lib\libwut.a(devoptab_fs.o)
                                         0x70 (size before relaxing)
                0x0000000002000bfc                __fini_wut_devoptab
 .text.__wut_fs_dirclose
                0x0000000002000c7c       0xb4 C:/devkitPro/wut/lib\libwut.a(devoptab_fs_dirclose.o)
                                         0x94 (size before relaxing)
                0x0000000002000c7c                __wut_fs_dirclose
 .text.__wut_fs_seek
                0x0000000002000d30      0x194 C:/devkitPro/wut/lib\libwut.a(devoptab_fs_seek.o)
                                        0x164 (size before relaxing)
                0x0000000002000d30                __wut_fs_seek
 .text.__wut_fs_dirreset
                0x0000000002000ec4       0xb4 C:/devkitPro/wut/lib\libwut.a(devoptab_fs_dirreset.o)
                                         0x94 (size before relaxing)
                0x0000000002000ec4                __wut_fs_dirreset
 .text.__wut_fs_rmdir
                0x0000000002000f78       0xec C:/devkitPro/wut/lib\libwut.a(devoptab_fs_rmdir.o)
                                         0xcc (size before relaxing)
                0x0000000002000f78                __wut_fs_rmdir
 .text.__wut_fs_open
                0x0000000002001064      0x1f4 C:/devkitPro/wut/lib\libwut.a(devoptab_fs_open.o)
                                        0x1c4 (size before relaxing)
                0x0000000002001064                __wut_fs_open
 .text.__wut_fs_write
                0x0000000002001258      0x1d0 C:/devkitPro/wut/lib\libwut.a(devoptab_fs_write.o)
                                        0x1b0 (size before relaxing)
                0x0000000002001258                __wut_fs_write
 .text.__wut_fs_chmod
                0x0000000002001428       0xe0 C:/devkitPro/wut/lib\libwut.a(devoptab_fs_chmod.o)
                                         0xc0 (size before relaxing)
                0x0000000002001428                __wut_fs_chmod
 .text.__wut_fs_fchmod
                0x0000000002001508       0x10 C:/devkitPro/wut/lib\libwut.a(devoptab_fs_fchmod.o)
                0x0000000002001508                __wut_fs_fchmod
 .text.__wut_fs_mkdir
                0x0000000002001518       0xec C:/devkitPro/wut/lib\libwut.a(devoptab_fs_mkdir.o)
                                         0xcc (size before relaxing)
                0x0000000002001518                __wut_fs_mkdir
 .text.__wut_fs_dirnext
                0x0000000002001604      0x170 C:/devkitPro/wut/lib\libwut.a(devoptab_fs_dirnext.o)
                                        0x150 (size before relaxing)
                0x0000000002001604                __wut_fs_dirnext
 .text.__wut_fs_statvfs
                0x0000000002001774       0x10 C:/devkitPro/wut/lib\libwut.a(devoptab_fs_statvfs.o)
                0x0000000002001774                __wut_fs_statvfs
 .text.__wut_fs_ftruncate
                0x0000000002001784      0x104 C:/devkitPro/wut/lib\libwut.a(devoptab_fs_truncate.o)
                                         0xd4 (size before relaxing)
                0x0000000002001784                __wut_fs_ftruncate
 .text.__wut_fs_rename
                0x0000000002001888      0x118 C:/devkitPro/wut/lib\libwut.a(devoptab_fs_rename.o)
                                         0xf8 (size before relaxing)
                0x0000000002001888                __wut_fs_rename
 .text.WHBInitializeSocketLibrary
                0x00000000020019a0       0x6c C:/devkitPro/wut/lib\libwut.a(libmanager.o)
                                         0x5c (size before relaxing)
                0x00000000020019a0                WHBInitializeSocketLibrary
 .text.WHBDeinitializeSocketLibrary
                0x0000000002001a0c       0x60 C:/devkitPro/wut/lib\libwut.a(libmanager.o)
                                         0x50 (size before relaxing)
                0x0000000002001a0c                WHBDeinitializeSocketLibrary
 .text.procHomeButtonDenied
                0x0000000002001a6c       0x24 C:/devkitPro/wut/lib\libwut.a(proc.o)
 .text.procSaveCallback
                0x0000000002001a90       0x34 C:/devkitPro/wut/lib\libwut.a(proc.o)
                                         0x24 (size before relaxing)
 .text.WHBProcInit
                0x0000000002001ac4      0x150 C:/devkitPro/wut/lib\libwut.a(proc.o)
                                        0x100 (size before relaxing)
                0x0000000002001ac4                WHBProcInit
 .text.WHBProcShutdown
                0x0000000002001c14       0x38 C:/devkitPro/wut/lib\libwut.a(proc.o)
                                         0x28 (size before relaxing)
                0x0000000002001c14                WHBProcShutdown
 .text.__init_wut_stdcpp
                0x0000000002001c4c        0x4 C:/devkitPro/wut/lib\libwut.a(wut_gthread.o)
                0x0000000002001c4c                __init_wut_stdcpp
 .text.__fini_wut_stdcpp
                0x0000000002001c50        0x4 C:/devkitPro/wut/lib\libwut.a(wut_gthread.o)
                0x0000000002001c50                __fini_wut_stdcpp
 .text.__wut_lock_init
                0x0000000002001c54       0x74 C:/devkitPro/wut/lib\libwut.a(wut_lock.o)
                                         0x64 (size before relaxing)
                0x0000000002001c54                __wut_lock_init
 .text.__wut_lock_acquire
                0x0000000002001cc8       0x48 C:/devkitPro/wut/lib\libwut.a(wut_lock.o)
                                         0x38 (size before relaxing)
                0x0000000002001cc8                __wut_lock_acquire
 .text.__wut_lock_release
                0x0000000002001d10       0x48 C:/devkitPro/wut/lib\libwut.a(wut_lock.o)
                                         0x38 (size before relaxing)
                0x0000000002001d10                __wut_lock_release
 .text.__wut_fs_stat
                0x0000000002001d58      0x1e0 C:/devkitPro/wut/lib\libwut.a(devoptab_fs_stat.o)
                                        0x190 (size before relaxing)
                0x0000000002001d58                __wut_fs_stat
 .text.__wut_fs_chdir
                0x0000000002001f38       0xec C:/devkitPro/wut/lib\libwut.a(devoptab_fs_chdir.o)
                                         0xcc (size before relaxing)
                0x0000000002001f38                __wut_fs_chdir
 .text.__wut_fs_fstat
                0x0000000002002024      0x104 C:/devkitPro/wut/lib\libwut.a(devoptab_fs_fstat.o)
                                         0xe4 (size before relaxing)
                0x0000000002002024                __wut_fs_fstat
 .text.__wut_fs_link
                0x0000000002002128       0x10 C:/devkitPro/wut/lib\libwut.a(devoptab_fs_link.o)
                0x0000000002002128                __wut_fs_link
 .text.__wut_fs_read
                0x0000000002002138      0x1d4 C:/devkitPro/wut/lib\libwut.a(devoptab_fs_read.o)
                                        0x1b4 (size before relaxing)
                0x0000000002002138                __wut_fs_read
 .text.__wut_fs_fixpath
                0x000000000200230c       0xd8 C:/devkitPro/wut/lib\libwut.a(devoptab_fs_utils.o)
                0x000000000200230c                __wut_fs_fixpath
 .text.__wut_fs_translate_error
                0x00000000020023e4       0x5c C:/devkitPro/wut/lib\libwut.a(devoptab_fs_utils.o)
                0x00000000020023e4                __wut_fs_translate_error
 .text.__wut_fs_close
                0x0000000002002440       0xb0 C:/devkitPro/wut/lib\libwut.a(devoptab_fs_close.o)
                                         0x90 (size before relaxing)
                0x0000000002002440                __wut_fs_close
 .text.__wut_fs_unlink
                0x00000000020024f0       0xec C:/devkitPro/wut/lib\libwut.a(devoptab_fs_unlink.o)
                                         0xcc (size before relaxing)
                0x00000000020024f0                __wut_fs_unlink
 .text.__wut_fs_fsync
                0x00000000020025dc       0xb0 C:/devkitPro/wut/lib\libwut.a(devoptab_fs_fsync.o)
                                         0x90 (size before relaxing)
                0x00000000020025dc                __wut_fs_fsync
 .text.__wut_fs_diropen
                0x000000000200268c      0x158 C:/devkitPro/wut/lib\libwut.a(devoptab_fs_diropen.o)
                                        0x138 (size before relaxing)
                0x000000000200268c                __wut_fs_diropen
 .text.__udivdi3
                0x00000000020027e4      0x3bc c:/devkitpro/devkitppc/bin/../lib/gcc/powerpc-eabi/10.1.0\libgcc.a(_udivdi3.o)
                0x00000000020027e4                __udivdi3
 .text.null_write
                0x0000000002002ba0        0x8 c:/devkitpro/devkitppc/bin/../lib/gcc/powerpc-eabi/10.1.0/../../../../powerpc-eabi/lib\libsysbase.a(iosupport.o)
 .text.setDefaultDevice
                0x0000000002002ba8       0x18 c:/devkitpro/devkitppc/bin/../lib/gcc/powerpc-eabi/10.1.0/../../../../powerpc-eabi/lib\libsysbase.a(iosupport.o)
                0x0000000002002ba8                setDefaultDevice
 .text.FindDevice
                0x0000000002002bc0      0x134 c:/devkitpro/devkitppc/bin/../lib/gcc/powerpc-eabi/10.1.0/../../../../powerpc-eabi/lib\libsysbase.a(iosupport.o)
                0x0000000002002bc0                FindDevice
 .text.RemoveDevice
                0x0000000002002cf4       0x44 c:/devkitpro/devkitppc/bin/../lib/gcc/powerpc-eabi/10.1.0/../../../../powerpc-eabi/lib\libsysbase.a(iosupport.o)
                0x0000000002002cf4                RemoveDevice
 .text.AddDevice
                0x0000000002002d38      0x11c c:/devkitpro/devkitppc/bin/../lib/gcc/powerpc-eabi/10.1.0/../../../../powerpc-eabi/lib\libsysbase.a(iosupport.o)
                0x0000000002002d38                AddDevice
 .text.usleep   0x0000000002002e54       0x9c c:/devkitpro/devkitppc/bin/../lib/gcc/powerpc-eabi/10.1.0/../../../../powerpc-eabi/lib\libsysbase.a(usleep.o)
                0x0000000002002e54                usleep
 .text._concatenate_path
                0x0000000002002ef0      0x238 c:/devkitpro/devkitppc/bin/../lib/gcc/powerpc-eabi/10.1.0/../../../../powerpc-eabi/lib\libsysbase.a(chdir.o)
                0x0000000002002ef0                _concatenate_path
 .text.chdir    0x0000000002003128      0x1b0 c:/devkitpro/devkitppc/bin/../lib/gcc/powerpc-eabi/10.1.0/../../../../powerpc-eabi/lib\libsysbase.a(chdir.o)
                0x0000000002003128                chdir
 .text.nanosleep
                0x00000000020032d8       0x64 c:/devkitpro/devkitppc/bin/../lib/gcc/powerpc-eabi/10.1.0/../../../../powerpc-eabi/lib\libsysbase.a(nanosleep.o)
                0x00000000020032d8                nanosleep
 .text.__errno  0x000000000200333c        0xc c:/devkitpro/devkitppc/bin/../lib/gcc/powerpc-eabi/10.1.0/../../../../powerpc-eabi/lib\libc.a(lib_a-errno.o)
                0x000000000200333c                __errno
 .text.exit     0x0000000002003348       0x40 c:/devkitpro/devkitppc/bin/../lib/gcc/powerpc-eabi/10.1.0/../../../../powerpc-eabi/lib\libc.a(lib_a-exit.o)
                0x0000000002003348                exit
 .text.memalign
                0x0000000002003388       0x18 c:/devkitpro/devkitppc/bin/../lib/gcc/powerpc-eabi/10.1.0/../../../../powerpc-eabi/lib\libc.a(lib_a-malign.o)
                0x0000000002003388                memalign
 .text.malloc   0x00000000020033a0       0x10 c:/devkitpro/devkitppc/bin/../lib/gcc/powerpc-eabi/10.1.0/../../../../powerpc-eabi/lib\libc.a(lib_a-malloc.o)
                0x00000000020033a0                malloc
 .text.free     0x00000000020033b0       0x10 c:/devkitpro/devkitppc/bin/../lib/gcc/powerpc-eabi/10.1.0/../../../../powerpc-eabi/lib\libc.a(lib_a-malloc.o)
                0x00000000020033b0                free
 .text.memcpy   0x00000000020033c0      0x144 c:/devkitpro/devkitppc/bin/../lib/gcc/powerpc-eabi/10.1.0/../../../../powerpc-eabi/lib\libc.a(lib_a-memcpy.o)
                0x00000000020033c0                memcpy
 .text.memset   0x0000000002003504      0x1bc c:/devkitpro/devkitppc/bin/../lib/gcc/powerpc-eabi/10.1.0/../../../../powerpc-eabi/lib\libc.a(lib_a-memset.o)
                0x0000000002003504                memset
 .text.strchr   0x00000000020036c0      0x144 c:/devkitpro/devkitppc/bin/../lib/gcc/powerpc-eabi/10.1.0/../../../../powerpc-eabi/lib\libc.a(lib_a-strchr.o)
                0x00000000020036c0                strchr
 .text.strcmp   0x0000000002003804       0x90 c:/devkitpro/devkitppc/bin/../lib/gcc/powerpc-eabi/10.1.0/../../../../powerpc-eabi/lib\libc.a(lib_a-strcmp.o)
                0x0000000002003804                strcmp
 .text.strcpy   0x0000000002003894       0x84 c:/devkitpro/devkitppc/bin/../lib/gcc/powerpc-eabi/10.1.0/../../../../powerpc-eabi/lib\libc.a(lib_a-strcpy.o)
                0x0000000002003894                strcpy
 .text.strlen   0x0000000002003918       0x80 c:/devkitpro/devkitppc/bin/../lib/gcc/powerpc-eabi/10.1.0/../../../../powerpc-eabi/lib\libc.a(lib_a-strlen.o)
                0x0000000002003918                strlen
 .text.strncmp  0x0000000002003998       0xe4 c:/devkitpro/devkitppc/bin/../lib/gcc/powerpc-eabi/10.1.0/../../../../powerpc-eabi/lib\libc.a(lib_a-strncmp.o)
                0x0000000002003998                strncmp
 .text.strncpy  0x0000000002003a7c      0x128 c:/devkitpro/devkitppc/bin/../lib/gcc/powerpc-eabi/10.1.0/../../../../powerpc-eabi/lib\libc.a(lib_a-strncpy.o)
                0x0000000002003a7c                strncpy
 .text.strnlen  0x0000000002003ba4       0x78 c:/devkitpro/devkitppc/bin/../lib/gcc/powerpc-eabi/10.1.0/../../../../powerpc-eabi/lib\libc.a(lib_a-strnlen.o)
                0x0000000002003ba4                strnlen
 .text.strrchr  0x0000000002003c1c       0x6c c:/devkitpro/devkitppc/bin/../lib/gcc/powerpc-eabi/10.1.0/../../../../powerpc-eabi/lib\libc.a(lib_a-strrchr.o)
                0x0000000002003c1c                strrchr
 .text.__call_exitprocs
                0x0000000002003c88      0x1a4 c:/devkitpro/devkitppc/bin/../lib/gcc/powerpc-eabi/10.1.0/../../../../powerpc-eabi/lib\libc.a(lib_a-__call_atexit.o)
                0x0000000002003c88                __call_exitprocs
 .text._exit    0x0000000002003e2c       0x28 c:/devkitpro/devkitppc/bin/../lib/gcc/powerpc-eabi/10.1.0/../../../../powerpc-eabi/lib\libsysbase.a(_exit.o)
                0x0000000002003e2c                _exit
 .text.__libc_lock_init
                0x0000000002003e54       0x1c c:/devkitpro/devkitppc/bin/../lib/gcc/powerpc-eabi/10.1.0/../../../../powerpc-eabi/lib\libsysbase.a(syscall_support.o)
                0x0000000002003e54                __libc_lock_init
 .text.__libc_lock_release
                0x0000000002003e70       0x1c c:/devkitpro/devkitppc/bin/../lib/gcc/powerpc-eabi/10.1.0/../../../../powerpc-eabi/lib\libsysbase.a(syscall_support.o)
                0x0000000002003e70                __libc_lock_release
 .text.__libc_lock_acquire
                0x0000000002003e8c       0x1c c:/devkitpro/devkitppc/bin/../lib/gcc/powerpc-eabi/10.1.0/../../../../powerpc-eabi/lib\libsysbase.a(syscall_support.o)
                0x0000000002003e8c                __libc_lock_acquire
 .text.__do_global_ctors_aux
                0x0000000002003ea8       0x50 c:/devkitpro/devkitppc/bin/../lib/gcc/powerpc-eabi/10.1.0/crtend.o
 *(.gnu.warning)
 *(.gnu.linkonce.t.*)
 *(.fini)
 .fini          0x0000000002003ef8        0xc c:/devkitpro/devkitppc/bin/../lib/gcc/powerpc-eabi/10.1.0/ecrti.o
                0x0000000002003ef8                __fini
 .fini          0x0000000002003f04        0x4 c:/devkitpro/devkitppc/bin/../lib/gcc/powerpc-eabi/10.1.0/crtbegin.o
 .fini          0x0000000002003f08       0x10 c:/devkitpro/devkitppc/bin/../lib/gcc/powerpc-eabi/10.1.0/ecrtn.o

.glink          0x0000000002003f18        0x0
 .glink         0x0000000002003f18        0x0 c:/devkitpro/devkitppc/bin/../lib/gcc/powerpc-eabi/10.1.0/crtbegin.o

.rela.dyn       0x0000000002003f18        0x0
 .rela.iplt     0x0000000002003f18        0x0 c:/devkitpro/devkitppc/bin/../lib/gcc/powerpc-eabi/10.1.0/crtbegin.o
                0x0000000010000000                . = ORIGIN (datamem)

.rodata         0x0000000010000000     0x45d8
 *(.rodata)
 *(.rodata.*)
 .rodata.str1.4
                0x0000000010000000       0x94 main.o
 .rodata.str1.4
                0x0000000010000094        0x3 C:/devkitPro/wut/lib\libwut.a(devoptab_fs.o)
 *fill*         0x0000000010000097        0x1 
 .rodata.__wut_fs_open.str1.4
                0x0000000010000098       0x17 C:/devkitPro/wut/lib\libwut.a(devoptab_fs_open.o)
 .rodata.__wut_fs_stat.str1.4
                0x00000000100000af        0x2 C:/devkitPro/wut/lib\libwut.a(devoptab_fs_stat.o)
 *fill*         0x00000000100000af        0x1 
 .rodata.__wut_fs_translate_error
                0x00000000100000b0       0x30 C:/devkitPro/wut/lib\libwut.a(devoptab_fs_utils.o)
 .rodata.AddDevice.str1.4
                0x00000000100000e0        0x8 c:/devkitpro/devkitppc/bin/../lib/gcc/powerpc-eabi/10.1.0/../../../../powerpc-eabi/lib\libsysbase.a(iosupport.o)
 .rodata.dotab_stdnull
                0x00000000100000e8       0x70 c:/devkitpro/devkitppc/bin/../lib/gcc/powerpc-eabi/10.1.0/../../../../powerpc-eabi/lib\libsysbase.a(iosupport.o)
                0x00000000100000e8                dotab_stdnull
 .rodata._ctype_
                0x0000000010000158      0x101 c:/devkitpro/devkitppc/bin/../lib/gcc/powerpc-eabi/10.1.0/../../../../powerpc-eabi/lib\libc.a(lib_a-ctype_.o)
                0x0000000010000158                _ctype_
 *(.gnu.linkonce.r.*)
 *(.preinit_array)
 *(.init_array)
 *(.fini_array)
 *crtbegin.o(.ctors)
 *fill*         0x0000000010000259        0x3 
 .ctors         0x000000001000025c        0x4 c:/devkitpro/devkitppc/bin/../lib/gcc/powerpc-eabi/10.1.0/crtbegin.o
 *(EXCLUDE_FILE(*crtend.o) .ctors)
 .ctors         0x0000000010000260        0x0 c:/devkitpro/devkitppc/bin/../lib/gcc/powerpc-eabi/10.1.0/ecrti.o
                0x0000000010000260                __CTOR_LIST__
 .ctors         0x0000000010000260        0x0 c:/devkitpro/devkitppc/bin/../lib/gcc/powerpc-eabi/10.1.0/ecrtn.o
                0x0000000010000260                __CTOR_END__
 *(SORT_BY_NAME(.ctors.*))
 *(.ctors)
 .ctors         0x0000000010000260        0x4 c:/devkitpro/devkitppc/bin/../lib/gcc/powerpc-eabi/10.1.0/crtend.o
 *crtbegin.o(.dtors)
 .dtors         0x0000000010000264        0x4 c:/devkitpro/devkitppc/bin/../lib/gcc/powerpc-eabi/10.1.0/crtbegin.o
 *(EXCLUDE_FILE(*crtend.o) .dtors)
 .dtors         0x0000000010000268        0x0 c:/devkitpro/devkitppc/bin/../lib/gcc/powerpc-eabi/10.1.0/ecrti.o
                0x0000000010000268                __DTOR_LIST__
 .dtors         0x0000000010000268        0x0 c:/devkitpro/devkitppc/bin/../lib/gcc/powerpc-eabi/10.1.0/ecrtn.o
 *(SORT_BY_NAME(.dtors.*))
 *(.dtors)
 .dtors         0x0000000010000268        0x4 c:/devkitpro/devkitppc/bin/../lib/gcc/powerpc-eabi/10.1.0/crtend.o
                0x0000000010000268                __DTOR_END__
 *(.jcr)
 *(.dynamic)
 *(.eh_frame_hdr)
 .eh_frame_hdr  0x000000001000026c        0x0 main.o
 *(.eh_frame)
 .eh_frame      0x000000001000026c        0x0 c:/devkitpro/devkitppc/bin/../lib/gcc/powerpc-eabi/10.1.0/ecrti.o
                0x000000001000026c                __EH_FRAME_BEGIN__
 .eh_frame      0x000000001000026c        0x0 c:/devkitpro/devkitppc/bin/../lib/gcc/powerpc-eabi/10.1.0/crtbegin.o
 .eh_frame      0x000000001000026c        0x0 c:/devkitpro/devkitppc/bin/../lib/gcc/powerpc-eabi/10.1.0/crtbegin.o
 .eh_frame      0x000000001000026c       0x68 main.o
 .eh_frame      0x00000000100002d4      0x108 udp.o
 .eh_frame      0x00000000100003dc       0x54 C:/devkitPro/wut/lib\libwut.a(wut_crt.o)
 .eh_frame      0x0000000010000430       0xdc C:/devkitPro/wut/lib\libwut.a(wut_newlib.o)
 .eh_frame      0x000000001000050c       0x3c C:/devkitPro/wut/lib\libwut.a(wut_gettod_r.o)
 .eh_frame      0x0000000010000548       0x48 C:/devkitPro/wut/lib\libwut.a(wut_nanosleep.o)
 .eh_frame      0x0000000010000590      0x1a8 C:/devkitPro/wut/lib\libwut.a(wut_malloc.o)
 .eh_frame      0x0000000010000738       0x90 C:/devkitPro/wut/lib\libwut.a(devoptab_fs.o)
 .eh_frame      0x00000000100007c8       0x4c C:/devkitPro/wut/lib\libwut.a(devoptab_fs_dirclose.o)
 .eh_frame      0x0000000010000814       0x80 C:/devkitPro/wut/lib\libwut.a(devoptab_fs_seek.o)
 .eh_frame      0x0000000010000894       0x4c C:/devkitPro/wut/lib\libwut.a(devoptab_fs_dirreset.o)
 .eh_frame      0x00000000100008e0       0x64 C:/devkitPro/wut/lib\libwut.a(devoptab_fs_rmdir.o)
 .eh_frame      0x0000000010000944       0xbc C:/devkitPro/wut/lib\libwut.a(devoptab_fs_open.o)
 .eh_frame      0x0000000010000a00       0x9c C:/devkitPro/wut/lib\libwut.a(devoptab_fs_write.o)
 .eh_frame      0x0000000010000a9c       0x5c C:/devkitPro/wut/lib\libwut.a(devoptab_fs_chmod.o)
 .eh_frame      0x0000000010000af8       0x28 C:/devkitPro/wut/lib\libwut.a(devoptab_fs_fchmod.o)
 .eh_frame      0x0000000010000b20       0x64 C:/devkitPro/wut/lib\libwut.a(devoptab_fs_mkdir.o)
 .eh_frame      0x0000000010000b84       0x70 C:/devkitPro/wut/lib\libwut.a(devoptab_fs_dirnext.o)
 .eh_frame      0x0000000010000bf4       0x28 C:/devkitPro/wut/lib\libwut.a(devoptab_fs_statvfs.o)
 .eh_frame      0x0000000010000c1c       0x5c C:/devkitPro/wut/lib\libwut.a(devoptab_fs_truncate.o)
 .eh_frame      0x0000000010000c78       0x68 C:/devkitPro/wut/lib\libwut.a(devoptab_fs_rename.o)
 .eh_frame      0x0000000010000ce0       0x48 C:/devkitPro/wut/lib\libwut.a(libmanager.o)
 .eh_frame      0x0000000010000d28       0xdc C:/devkitPro/wut/lib\libwut.a(proc.o)
 .eh_frame      0x0000000010000e04      0x2a4 C:/devkitPro/wut/lib\libwut.a(wut_gthread.o)
 .eh_frame      0x00000000100010a8       0xbc C:/devkitPro/wut/lib\libwut.a(wut_lock.o)
 .eh_frame      0x0000000010001164       0x80 C:/devkitPro/wut/lib\libwut.a(devoptab_fs_stat.o)
 .eh_frame      0x00000000100011e4       0x64 C:/devkitPro/wut/lib\libwut.a(devoptab_fs_chdir.o)
 .eh_frame      0x0000000010001248       0x5c C:/devkitPro/wut/lib\libwut.a(devoptab_fs_fstat.o)
 .eh_frame      0x00000000100012a4       0x28 C:/devkitPro/wut/lib\libwut.a(devoptab_fs_link.o)
 .eh_frame      0x00000000100012cc       0xa4 C:/devkitPro/wut/lib\libwut.a(devoptab_fs_read.o)
 .eh_frame      0x0000000010001370       0x74 C:/devkitPro/wut/lib\libwut.a(devoptab_fs_utils.o)
 .eh_frame      0x00000000100013e4       0x4c C:/devkitPro/wut/lib\libwut.a(devoptab_fs_close.o)
 .eh_frame      0x0000000010001430       0x64 C:/devkitPro/wut/lib\libwut.a(devoptab_fs_unlink.o)
 .eh_frame      0x0000000010001494       0x4c C:/devkitPro/wut/lib\libwut.a(devoptab_fs_fsync.o)
 .eh_frame      0x00000000100014e0       0x84 C:/devkitPro/wut/lib\libwut.a(devoptab_fs_diropen.o)
 .eh_frame      0x0000000010001564       0x40 C:/devkitPro/wut/lib\libwut.a(wut_gthread_once.o)
 .eh_frame      0x00000000100015a4       0x9c C:/devkitPro/wut/lib\libwut.a(wut_gthread_mutex.o)
 .eh_frame      0x0000000010001640      0x128 C:/devkitPro/wut/lib\libwut.a(wut_gthread_cond.o)
 .eh_frame      0x0000000010001768      0x124 C:/devkitPro/wut/lib\libwut.a(wut_gthread_thread.o)
 .eh_frame      0x000000001000188c      0x124 C:/devkitPro/wut/lib\libwut.a(wut_gthread_keys.o)
 .eh_frame      0x00000000100019b0       0xa8 C:/devkitPro/wut/lib\libwut.a(wut_gthread_recursive_mutex.o)
 .eh_frame      0x0000000010001a58       0x48 c:/devkitpro/devkitppc/bin/../lib/gcc/powerpc-eabi/10.1.0\libgcc.a(_udivdi3.o)
 .eh_frame      0x0000000010001aa0      0x128 c:/devkitpro/devkitppc/bin/../lib/gcc/powerpc-eabi/10.1.0/../../../../powerpc-eabi/lib\libsysbase.a(iosupport.o)
 .eh_frame      0x0000000010001bc8       0x40 c:/devkitpro/devkitppc/bin/../lib/gcc/powerpc-eabi/10.1.0/../../../../powerpc-eabi/lib\libsysbase.a(usleep.o)
 .eh_frame      0x0000000010001c08      0x144 c:/devkitpro/devkitppc/bin/../lib/gcc/powerpc-eabi/10.1.0/../../../../powerpc-eabi/lib\libsysbase.a(chdir.o)
 .eh_frame      0x0000000010001d4c       0x34 c:/devkitpro/devkitppc/bin/../lib/gcc/powerpc-eabi/10.1.0/../../../../powerpc-eabi/lib\libsysbase.a(nanosleep.o)
 .eh_frame      0x0000000010001d80       0x28 c:/devkitpro/devkitppc/bin/../lib/gcc/powerpc-eabi/10.1.0/../../../../powerpc-eabi/lib\libc.a(lib_a-calloc.o)
 .eh_frame      0x0000000010001da8       0x28 c:/devkitpro/devkitppc/bin/../lib/gcc/powerpc-eabi/10.1.0/../../../../powerpc-eabi/lib\libc.a(lib_a-ctype_.o)
 .eh_frame      0x0000000010001dd0       0x28 c:/devkitpro/devkitppc/bin/../lib/gcc/powerpc-eabi/10.1.0/../../../../powerpc-eabi/lib\libc.a(lib_a-errno.o)
 .eh_frame      0x0000000010001df8       0x34 c:/devkitpro/devkitppc/bin/../lib/gcc/powerpc-eabi/10.1.0/../../../../powerpc-eabi/lib\libc.a(lib_a-exit.o)
 .eh_frame      0x0000000010001e2c       0x28 c:/devkitpro/devkitppc/bin/../lib/gcc/powerpc-eabi/10.1.0/../../../../powerpc-eabi/lib\libc.a(lib_a-malign.o)
 .eh_frame      0x0000000010001e54       0x3c c:/devkitpro/devkitppc/bin/../lib/gcc/powerpc-eabi/10.1.0/../../../../powerpc-eabi/lib\libc.a(lib_a-malloc.o)
 .eh_frame      0x0000000010001e90       0x28 c:/devkitpro/devkitppc/bin/../lib/gcc/powerpc-eabi/10.1.0/../../../../powerpc-eabi/lib\libc.a(lib_a-memcpy.o)
 .eh_frame      0x0000000010001eb8       0x28 c:/devkitpro/devkitppc/bin/../lib/gcc/powerpc-eabi/10.1.0/../../../../powerpc-eabi/lib\libc.a(lib_a-memset.o)
 .eh_frame      0x0000000010001ee0       0x28 c:/devkitpro/devkitppc/bin/../lib/gcc/powerpc-eabi/10.1.0/../../../../powerpc-eabi/lib\libc.a(lib_a-strchr.o)
 .eh_frame      0x0000000010001f08       0x28 c:/devkitpro/devkitppc/bin/../lib/gcc/powerpc-eabi/10.1.0/../../../../powerpc-eabi/lib\libc.a(lib_a-strcmp.o)
 .eh_frame      0x0000000010001f30       0x28 c:/devkitpro/devkitppc/bin/../lib/gcc/powerpc-eabi/10.1.0/../../../../powerpc-eabi/lib\libc.a(lib_a-strcpy.o)
 .eh_frame      0x0000000010001f58       0x28 c:/devkitpro/devkitppc/bin/../lib/gcc/powerpc-eabi/10.1.0/../../../../powerpc-eabi/lib\libc.a(lib_a-strlen.o)
 .eh_frame      0x0000000010001f80       0x28 c:/devkitpro/devkitppc/bin/../lib/gcc/powerpc-eabi/10.1.0/../../../../powerpc-eabi/lib\libc.a(lib_a-strncmp.o)
 .eh_frame      0x0000000010001fa8       0x28 c:/devkitpro/devkitppc/bin/../lib/gcc/powerpc-eabi/10.1.0/../../../../powerpc-eabi/lib\libc.a(lib_a-strncpy.o)
 .eh_frame      0x0000000010001fd0       0x28 c:/devkitpro/devkitppc/bin/../lib/gcc/powerpc-eabi/10.1.0/../../../../powerpc-eabi/lib\libc.a(lib_a-strnlen.o)
 .eh_frame      0x0000000010001ff8       0x48 c:/devkitpro/devkitppc/bin/../lib/gcc/powerpc-eabi/10.1.0/../../../../powerpc-eabi/lib\libc.a(lib_a-strrchr.o)
 .eh_frame      0x0000000010002040       0xa4 c:/devkitpro/devkitppc/bin/../lib/gcc/powerpc-eabi/10.1.0/../../../../powerpc-eabi/lib\libc.a(lib_a-vsnprintf.o)
 .eh_frame      0x00000000100020e4       0x88 c:/devkitpro/devkitppc/bin/../lib/gcc/powerpc-eabi/10.1.0/../../../../powerpc-eabi/lib\libc.a(lib_a-__call_atexit.o)
 .eh_frame      0x000000001000216c      0x168 c:/devkitpro/devkitppc/bin/../lib/gcc/powerpc-eabi/10.1.0/../../../../powerpc-eabi/lib\libc.a(lib_a-svfprintf.o)
 .eh_frame      0x00000000100022d4       0x84 c:/devkitpro/devkitppc/bin/../lib/gcc/powerpc-eabi/10.1.0/../../../../powerpc-eabi/lib\libc.a(lib_a-wcrtomb.o)
 .eh_frame      0x0000000010002358       0x3c c:/devkitpro/devkitppc/bin/../lib/gcc/powerpc-eabi/10.1.0/../../../../powerpc-eabi/lib\libc.a(lib_a-wcsrtombs.o)
 .eh_frame      0x0000000010002394      0x1f4 c:/devkitpro/devkitppc/bin/../lib/gcc/powerpc-eabi/10.1.0/../../../../powerpc-eabi/lib\libc.a(lib_a-dtoa.o)
 .eh_frame      0x0000000010002588       0x50 c:/devkitpro/devkitppc/bin/../lib/gcc/powerpc-eabi/10.1.0/../../../../powerpc-eabi/lib\libc.a(lib_a-localeconv.o)
 .eh_frame      0x00000000100025d8      0x1f8 c:/devkitpro/devkitppc/bin/../lib/gcc/powerpc-eabi/10.1.0/../../../../powerpc-eabi/lib\libc.a(lib_a-locale.o)
 .eh_frame      0x00000000100027d0      0x144 c:/devkitpro/devkitppc/bin/../lib/gcc/powerpc-eabi/10.1.0/../../../../powerpc-eabi/lib\libc.a(lib_a-mbtowc_r.o)
 .eh_frame      0x0000000010002914       0x28 c:/devkitpro/devkitppc/bin/../lib/gcc/powerpc-eabi/10.1.0/../../../../powerpc-eabi/lib\libc.a(lib_a-memchr.o)
 .eh_frame      0x000000001000293c      0x3cc c:/devkitpro/devkitppc/bin/../lib/gcc/powerpc-eabi/10.1.0/../../../../powerpc-eabi/lib\libc.a(lib_a-mprec.o)
 .eh_frame      0x0000000010002d08       0x28 c:/devkitpro/devkitppc/bin/../lib/gcc/powerpc-eabi/10.1.0/../../../../powerpc-eabi/lib\libc.a(lib_a-strcasecmp.o)
 .eh_frame      0x0000000010002d30       0x3c c:/devkitpro/devkitppc/bin/../lib/gcc/powerpc-eabi/10.1.0/../../../../powerpc-eabi/lib\libc.a(lib_a-strcat.o)
 .eh_frame      0x0000000010002d6c       0x28 c:/devkitpro/devkitppc/bin/../lib/gcc/powerpc-eabi/10.1.0/../../../../powerpc-eabi/lib\libc.a(lib_a-strlcpy.o)
 .eh_frame      0x0000000010002d94       0x28 c:/devkitpro/devkitppc/bin/../lib/gcc/powerpc-eabi/10.1.0/../../../../powerpc-eabi/lib\libc.a(lib_a-strncasecmp.o)
 .eh_frame      0x0000000010002dbc       0x9c c:/devkitpro/devkitppc/bin/../lib/gcc/powerpc-eabi/10.1.0/../../../../powerpc-eabi/lib\libc.a(lib_a-strtol.o)
 .eh_frame      0x0000000010002e58      0x1b8 c:/devkitpro/devkitppc/bin/../lib/gcc/powerpc-eabi/10.1.0/../../../../powerpc-eabi/lib\libc.a(lib_a-svfiprintf.o)
 .eh_frame      0x0000000010003010       0xe4 c:/devkitpro/devkitppc/bin/../lib/gcc/powerpc-eabi/10.1.0/../../../../powerpc-eabi/lib\libc.a(lib_a-wcsnrtombs.o)
 .eh_frame      0x00000000100030f4       0x8c c:/devkitpro/devkitppc/bin/../lib/gcc/powerpc-eabi/10.1.0/../../../../powerpc-eabi/lib\libc.a(lib_a-wctomb_r.o)
 .eh_frame      0x0000000010003180       0x44 c:/devkitpro/devkitppc/bin/../lib/gcc/powerpc-eabi/10.1.0/../../../../powerpc-eabi/lib\libc.a(lib_a-assert.o)
 .eh_frame      0x00000000100031c4       0x54 c:/devkitpro/devkitppc/bin/../lib/gcc/powerpc-eabi/10.1.0/../../../../powerpc-eabi/lib\libc.a(lib_a-fiprintf.o)
 .eh_frame      0x0000000010003218       0xa8 c:/devkitpro/devkitppc/bin/../lib/gcc/powerpc-eabi/10.1.0/../../../../powerpc-eabi/lib\libc.a(lib_a-getenv_r.o)
 .eh_frame      0x00000000100032c0       0x28 c:/devkitpro/devkitppc/bin/../lib/gcc/powerpc-eabi/10.1.0/../../../../powerpc-eabi/lib\libc.a(lib_a-memmove.o)
 .eh_frame      0x00000000100032e8      0x2d0 c:/devkitpro/devkitppc/bin/../lib/gcc/powerpc-eabi/10.1.0/../../../../powerpc-eabi/lib\libc.a(lib_a-vfiprintf.o)
 .eh_frame      0x00000000100035b8       0x58 c:/devkitpro/devkitppc/bin/../lib/gcc/powerpc-eabi/10.1.0/../../../../powerpc-eabi/lib\libc.a(lib_a-wsetup.o)
 .eh_frame      0x0000000010003610       0x2c c:/devkitpro/devkitppc/bin/../lib/gcc/powerpc-eabi/10.1.0/../../../../powerpc-eabi/lib\libc.a(lib_a-abort.o)
 .eh_frame      0x000000001000363c       0x58 c:/devkitpro/devkitppc/bin/../lib/gcc/powerpc-eabi/10.1.0/../../../../powerpc-eabi/lib\libc.a(lib_a-envlock.o)
 .eh_frame      0x0000000010003694      0x164 c:/devkitpro/devkitppc/bin/../lib/gcc/powerpc-eabi/10.1.0/../../../../powerpc-eabi/lib\libc.a(lib_a-fflush.o)
 .eh_frame      0x00000000100037f8      0x204 c:/devkitpro/devkitppc/bin/../lib/gcc/powerpc-eabi/10.1.0/../../../../powerpc-eabi/lib\libc.a(lib_a-findfp.o)
 .eh_frame      0x00000000100039fc       0xcc c:/devkitpro/devkitppc/bin/../lib/gcc/powerpc-eabi/10.1.0/../../../../powerpc-eabi/lib\libc.a(lib_a-fputwc.o)
 .eh_frame      0x0000000010003ac8       0xfc c:/devkitpro/devkitppc/bin/../lib/gcc/powerpc-eabi/10.1.0/../../../../powerpc-eabi/lib\libc.a(lib_a-fvwrite.o)
 .eh_frame      0x0000000010003bc4       0x78 c:/devkitpro/devkitppc/bin/../lib/gcc/powerpc-eabi/10.1.0/../../../../powerpc-eabi/lib\libc.a(lib_a-fwalk.o)
 .eh_frame      0x0000000010003c3c       0xa0 c:/devkitpro/devkitppc/bin/../lib/gcc/powerpc-eabi/10.1.0/../../../../powerpc-eabi/lib\libc.a(lib_a-makebuf.o)
 .eh_frame      0x0000000010003cdc      0x26c c:/devkitpro/devkitppc/bin/../lib/gcc/powerpc-eabi/10.1.0/../../../../powerpc-eabi/lib\libc.a(lib_a-signal.o)
 .eh_frame      0x0000000010003f48       0xd0 c:/devkitpro/devkitppc/bin/../lib/gcc/powerpc-eabi/10.1.0/../../../../powerpc-eabi/lib\libc.a(lib_a-stdio.o)
 .eh_frame      0x0000000010004018       0x68 c:/devkitpro/devkitppc/bin/../lib/gcc/powerpc-eabi/10.1.0/../../../../powerpc-eabi/lib\libc.a(lib_a-wbuf.o)
 .eh_frame      0x0000000010004080       0x9c c:/devkitpro/devkitppc/bin/../lib/gcc/powerpc-eabi/10.1.0/../../../../powerpc-eabi/lib\libc.a(lib_a-fclose.o)
 .eh_frame      0x000000001000411c       0x68 c:/devkitpro/devkitppc/bin/../lib/gcc/powerpc-eabi/10.1.0/../../../../powerpc-eabi/lib\libsysbase.a(close.o)
 .eh_frame      0x0000000010004184       0x48 c:/devkitpro/devkitppc/bin/../lib/gcc/powerpc-eabi/10.1.0/../../../../powerpc-eabi/lib\libsysbase.a(fstat.o)
 .eh_frame      0x00000000100041cc       0x28 c:/devkitpro/devkitppc/bin/../lib/gcc/powerpc-eabi/10.1.0/../../../../powerpc-eabi/lib\libsysbase.a(getpid.o)
 .eh_frame      0x00000000100041f4       0x28 c:/devkitpro/devkitppc/bin/../lib/gcc/powerpc-eabi/10.1.0/../../../../powerpc-eabi/lib\libsysbase.a(isatty.o)
 .eh_frame      0x000000001000421c       0x28 c:/devkitpro/devkitppc/bin/../lib/gcc/powerpc-eabi/10.1.0/../../../../powerpc-eabi/lib\libsysbase.a(kill.o)
 .eh_frame      0x0000000010004244       0x50 c:/devkitpro/devkitppc/bin/../lib/gcc/powerpc-eabi/10.1.0/../../../../powerpc-eabi/lib\libsysbase.a(lseek.o)
 .eh_frame      0x0000000010004294       0x4c c:/devkitpro/devkitppc/bin/../lib/gcc/powerpc-eabi/10.1.0/../../../../powerpc-eabi/lib\libsysbase.a(read.o)
 .eh_frame      0x00000000100042e0       0x4c c:/devkitpro/devkitppc/bin/../lib/gcc/powerpc-eabi/10.1.0/../../../../powerpc-eabi/lib\libsysbase.a(write.o)
 .eh_frame      0x000000001000432c       0x34 c:/devkitpro/devkitppc/bin/../lib/gcc/powerpc-eabi/10.1.0/../../../../powerpc-eabi/lib\libsysbase.a(_exit.o)
 .eh_frame      0x0000000010004360       0x58 c:/devkitpro/devkitppc/bin/../lib/gcc/powerpc-eabi/10.1.0/../../../../powerpc-eabi/lib\libsysbase.a(flock.o)
 .eh_frame      0x00000000100043b8      0x118 c:/devkitpro/devkitppc/bin/../lib/gcc/powerpc-eabi/10.1.0/../../../../powerpc-eabi/lib\libsysbase.a(handle_manager.o)
 .eh_frame      0x00000000100044d0       0x8c c:/devkitpro/devkitppc/bin/../lib/gcc/powerpc-eabi/10.1.0/../../../../powerpc-eabi/lib\libsysbase.a(syscall_support.o)
 .eh_frame      0x000000001000455c       0x58 c:/devkitpro/devkitppc/bin/../lib/gcc/powerpc-eabi/10.1.0\libgcc.a(_umoddi3.o)
 .eh_frame      0x00000000100045b4        0x4 c:/devkitpro/devkitppc/bin/../lib/gcc/powerpc-eabi/10.1.0/crtend.o
 .eh_frame      0x00000000100045b8        0x4 c:/devkitpro/devkitppc/bin/../lib/gcc/powerpc-eabi/10.1.0/ecrtn.o
                0x00000000100045b8                __EH_FRAME_END__
 *(.fixup)
 *(.gcc_except_table)
 *(.gcc_except_table.*)
 *(.got)
 *(.got1)
 *(.got2)
 .got2          0x00000000100045bc       0x1c c:/devkitpro/devkitppc/bin/../lib/gcc/powerpc-eabi/10.1.0\libgcc.a(eabi.o)
 *(.got.plt)
 *(.plt)
 *(.tm_clone_table)
 .tm_clone_table
                0x00000000100045d8        0x0 c:/devkitpro/devkitppc/bin/../lib/gcc/powerpc-eabi/10.1.0/crtbegin.o
 .tm_clone_table
                0x00000000100045d8        0x0 c:/devkitpro/devkitppc/bin/../lib/gcc/powerpc-eabi/10.1.0/crtend.o
                0x00000000100045d8                __TMC_END__

.data           0x00000000100045d8     0x1510
 *(.data)
 .data          0x00000000100045d8        0x4 udp.o
 .data          0x00000000100045dc        0x4 c:/devkitpro/devkitppc/bin/../lib/gcc/powerpc-eabi/10.1.0\libgcc.a(eabi.o)
 *(.data.*)
 .data.__wut_fs_devoptab
                0x00000000100045e0       0x70 C:/devkitPro/wut/lib\libwut.a(devoptab_fs.o)
 .data.defaultDevice
                0x0000000010004650        0x4 c:/devkitpro/devkitppc/bin/../lib/gcc/powerpc-eabi/10.1.0/../../../../powerpc-eabi/lib\libsysbase.a(iosupport.o)
 .data.devoptab_list
                0x0000000010004654       0x40 c:/devkitpro/devkitppc/bin/../lib/gcc/powerpc-eabi/10.1.0/../../../../powerpc-eabi/lib\libsysbase.a(iosupport.o)
                0x0000000010004654                devoptab_list
 .data._current_working_directory
                0x0000000010004694     0x1000 c:/devkitpro/devkitppc/bin/../lib/gcc/powerpc-eabi/10.1.0/../../../../powerpc-eabi/lib\libsysbase.a(chdir.o)
 *fill*         0x0000000010005694        0x4 
 .data.impure_data
                0x0000000010005698      0x448 c:/devkitpro/devkitppc/bin/../lib/gcc/powerpc-eabi/10.1.0/../../../../powerpc-eabi/lib\libc.a(lib_a-impure.o)
 *(.gnu.linkonce.d.*)
                0x0000000010005ae0                __sdata_start = .
 *(.sdata)
 .sdata         0x0000000010005ae0        0x0 c:/devkitpro/devkitppc/bin/../lib/gcc/powerpc-eabi/10.1.0/crtbegin.o
 .sdata         0x0000000010005ae0        0x8 c:/devkitpro/devkitppc/bin/../lib/gcc/powerpc-eabi/10.1.0/../../../../powerpc-eabi/lib\libc.a(lib_a-impure.o)
                0x0000000010005ae0                _global_impure_ptr
                0x0000000010005ae4                _impure_ptr
 *(.sdata.*)
 *(.gnu.linkonce.s.*)
                0x0000000010005ae8                __sdata_end = .
                0x0000000010005ae8                __sdata2_start = .
 *(.sdata2)
 .sdata2        0x0000000010005ae8        0x0 c:/devkitpro/devkitppc/bin/../lib/gcc/powerpc-eabi/10.1.0/crtbegin.o
 *(.sdata2.*)
 *(.gnu.linkonce.s2.*)
                0x0000000010005ae8                __sdata2_end = .
                0x0000000010005ae8                __bss_start = .

.branch_lt      0x0000000010005ae8        0x0
 .branch_lt     0x0000000010005ae8        0x0 c:/devkitpro/devkitppc/bin/../lib/gcc/powerpc-eabi/10.1.0/crtbegin.o

.bss            0x0000000010005ae8     0x1048
 *(.dynbss)
 *(.bss)
 .bss           0x0000000010005ae8        0x4 udp.o
 *(.bss.*)
 .bss.completed.2
                0x0000000010005aec        0x1 c:/devkitpro/devkitppc/bin/../lib/gcc/powerpc-eabi/10.1.0/crtbegin.o
 *fill*         0x0000000010005aed        0x3 
 .bss.dtor_idx.1
                0x0000000010005af0        0x4 c:/devkitpro/devkitppc/bin/../lib/gcc/powerpc-eabi/10.1.0/crtbegin.o
 .bss.object.0  0x0000000010005af4       0x18 c:/devkitpro/devkitppc/bin/../lib/gcc/powerpc-eabi/10.1.0/crtbegin.o
 .bss.__wut_fs_initialised
                0x0000000010005b0c        0x4 C:/devkitPro/wut/lib\libwut.a(devoptab_fs.o)
 .bss.isSocketInitialized
                0x0000000010005b10        0x4 C:/devkitPro/wut/lib\libwut.a(libmanager.o)
 .bss.numberOfSocketClients
                0x0000000010005b14        0x4 C:/devkitPro/wut/lib\libwut.a(libmanager.o)
 .bss.sFromHBL  0x0000000010005b18        0x4 C:/devkitPro/wut/lib\libwut.a(proc.o)
 .bss.sMainCore
                0x0000000010005b1c        0x4 C:/devkitPro/wut/lib\libwut.a(proc.o)
 .bss.sRunning  0x0000000010005b20        0x4 C:/devkitPro/wut/lib\libwut.a(proc.o)
 .bss.temp_cwd  0x0000000010005b24     0x1000 c:/devkitpro/devkitppc/bin/../lib/gcc/powerpc-eabi/10.1.0/../../../../powerpc-eabi/lib\libsysbase.a(chdir.o)
 *(.gnu.linkonce.b.*)
 *(COMMON)
                0x0000000010006b24                __sbss_start = .
 *(.dynsbss)
 *(.sbss)
 *(.sbss.*)
 .sbss.__wut_exit
                0x0000000010006b24        0x4 C:/devkitPro/wut/lib\libwut.a(wut_newlib.o)
                0x0000000010006b24                __wut_exit
 .sbss.__wut_devoptab_fs_client
                0x0000000010006b28        0x4 C:/devkitPro/wut/lib\libwut.a(devoptab_fs.o)
                0x0000000010006b28                __wut_devoptab_fs_client
 .sbss.__atexit_recursive_mutex
                0x0000000010006b2c        0x4 c:/devkitpro/devkitppc/bin/../lib/gcc/powerpc-eabi/10.1.0/../../../../powerpc-eabi/lib\libc.a(lib_a-__call_atexit.o)
                0x0000000010006b2c                __atexit_recursive_mutex
 *(.gnu.linkonce.sb.*)
 *(.scommon)
                0x0000000010006b30                __sbss_end = .
                0x0000000010006b30                __sbss2_start = .
 *(.sbss2)
 *(.sbss2.*)
 *(.gnu.linkonce.sb2.*)
                0x0000000010006b30                __sbss2_end = .
                0x0000000010006b30                __bss_end = .

.iplt           0x0000000010006b30        0x0
 .iplt          0x0000000010006b30        0x0 c:/devkitpro/devkitppc/bin/../lib/gcc/powerpc-eabi/10.1.0/crtbegin.o
                0x0000000000000000                . = ORIGIN (relmem)

.rela.text      0x0000000000000000        0x0
 *(.rela.text)
 *(.rela.text.*)
 .rela.text.deregister_tm_clones
                0x0000000000000000        0x0 c:/devkitpro/devkitppc/bin/../lib/gcc/powerpc-eabi/10.1.0/crtbegin.o
 .rela.text.register_tm_clones
                0x0000000000000000        0x0 c:/devkitpro/devkitppc/bin/../lib/gcc/powerpc-eabi/10.1.0/crtbegin.o
 .rela.text.__do_global_dtors_aux
                0x0000000000000000        0x0 c:/devkitpro/devkitppc/bin/../lib/gcc/powerpc-eabi/10.1.0/crtbegin.o
 .rela.text.frame_dummy
                0x0000000000000000        0x0 c:/devkitpro/devkitppc/bin/../lib/gcc/powerpc-eabi/10.1.0/crtbegin.o
 *(.rela.gnu.linkonce.t.*)
 *(.rela.init)
 *(.rela.fini)

.rela.data
 *(.rela.data)
 *(.rela.data.*)
 *(.rela.gnu.linkonce.d.*)
 *(.rela.sdata)
 *(.rela.gnu.linkonce.s.*)
 *(.rela.sdata2)
 *(.rela.gnu.linkonce.s2.*)
 *(.rela.init_array)
 *(.rela.fini_array)
 *(.rela.gcc_except_table .rela.gcc_except_table.*)
 *(.rela.eh_frame)
 *(.rela.got)
 *(.rela.got1)
 *(.rela.got2)
 *(.rela.got.plt)
 *(.rela.plt)

.rela.rodata
 *(.rela.rodata)
 *(.rela.rodata.*)
 *(.rel.gnu.linkonce.r.*)
 *(.rela.ctors)
 *(.rela.dtors)
                0x00000000c0000000                . = ORIGIN (loadmem)

.fexports
 *(.fexports)

.dexports
 *(.dexports)

.fimport_avm
 *(.fimport_avm)
 *(.fimport_avm.*)

.fimport_camera
 *(.fimport_camera)
 *(.fimport_camera.*)

.fimport_coreinit
                0x00000000c0000000      0x190
 *(.fimport_coreinit)
 .fimport_coreinit
                0x00000000c0000000       0x18 C:/devkitPro/wut/lib\libwut.a(coreinit.o)
 *(.fimport_coreinit.*)
 .fimport_coreinit.DCFlushRange
                0x00000000c0000018        0x8 C:/devkitPro/wut/lib\libwut.a(coreinit.o)
                0x00000000c0000018                DCFlushRange
 .fimport_coreinit.FSAddClient
                0x00000000c0000020        0x8 C:/devkitPro/wut/lib\libwut.a(coreinit.o)
                0x00000000c0000020                FSAddClient
 .fimport_coreinit.FSChangeDir
                0x00000000c0000028        0x8 C:/devkitPro/wut/lib\libwut.a(coreinit.o)
                0x00000000c0000028                FSChangeDir
 .fimport_coreinit.FSChangeMode
                0x00000000c0000030        0x8 C:/devkitPro/wut/lib\libwut.a(coreinit.o)
                0x00000000c0000030                FSChangeMode
 .fimport_coreinit.FSCloseDir
                0x00000000c0000038        0x8 C:/devkitPro/wut/lib\libwut.a(coreinit.o)
                0x00000000c0000038                FSCloseDir
 .fimport_coreinit.FSCloseFile
                0x00000000c0000040        0x8 C:/devkitPro/wut/lib\libwut.a(coreinit.o)
                0x00000000c0000040                FSCloseFile
 .fimport_coreinit.FSDelClient
                0x00000000c0000048        0x8 C:/devkitPro/wut/lib\libwut.a(coreinit.o)
                0x00000000c0000048                FSDelClient
 .fimport_coreinit.FSFlushFile
                0x00000000c0000050        0x8 C:/devkitPro/wut/lib\libwut.a(coreinit.o)
                0x00000000c0000050                FSFlushFile
 .fimport_coreinit.FSGetMountSource
                0x00000000c0000058        0x8 C:/devkitPro/wut/lib\libwut.a(coreinit.o)
                0x00000000c0000058                FSGetMountSource
 .fimport_coreinit.FSGetPosFile
                0x00000000c0000060        0x8 C:/devkitPro/wut/lib\libwut.a(coreinit.o)
                0x00000000c0000060                FSGetPosFile
 .fimport_coreinit.FSGetStatFile
                0x00000000c0000068        0x8 C:/devkitPro/wut/lib\libwut.a(coreinit.o)
                0x00000000c0000068                FSGetStatFile
 .fimport_coreinit.FSInit
                0x00000000c0000070        0x8 C:/devkitPro/wut/lib\libwut.a(coreinit.o)
                0x00000000c0000070                FSInit
 .fimport_coreinit.FSInitCmdBlock
                0x00000000c0000078        0x8 C:/devkitPro/wut/lib\libwut.a(coreinit.o)
                0x00000000c0000078                FSInitCmdBlock
 .fimport_coreinit.FSMakeDir
                0x00000000c0000080        0x8 C:/devkitPro/wut/lib\libwut.a(coreinit.o)
                0x00000000c0000080                FSMakeDir
 .fimport_coreinit.FSMount
                0x00000000c0000088        0x8 C:/devkitPro/wut/lib\libwut.a(coreinit.o)
                0x00000000c0000088                FSMount
 .fimport_coreinit.FSOpenDir
                0x00000000c0000090        0x8 C:/devkitPro/wut/lib\libwut.a(coreinit.o)
                0x00000000c0000090                FSOpenDir
 .fimport_coreinit.FSOpenFile
                0x00000000c0000098        0x8 C:/devkitPro/wut/lib\libwut.a(coreinit.o)
                0x00000000c0000098                FSOpenFile
 .fimport_coreinit.FSReadDir
                0x00000000c00000a0        0x8 C:/devkitPro/wut/lib\libwut.a(coreinit.o)
                0x00000000c00000a0                FSReadDir
 .fimport_coreinit.FSReadFile
                0x00000000c00000a8        0x8 C:/devkitPro/wut/lib\libwut.a(coreinit.o)
                0x00000000c00000a8                FSReadFile
 .fimport_coreinit.FSRemove
                0x00000000c00000b0        0x8 C:/devkitPro/wut/lib\libwut.a(coreinit.o)
                0x00000000c00000b0                FSRemove
 .fimport_coreinit.FSRename
                0x00000000c00000b8        0x8 C:/devkitPro/wut/lib\libwut.a(coreinit.o)
                0x00000000c00000b8                FSRename
 .fimport_coreinit.FSRewindDir
                0x00000000c00000c0        0x8 C:/devkitPro/wut/lib\libwut.a(coreinit.o)
                0x00000000c00000c0                FSRewindDir
 .fimport_coreinit.FSSetPosFile
                0x00000000c00000c8        0x8 C:/devkitPro/wut/lib\libwut.a(coreinit.o)
                0x00000000c00000c8                FSSetPosFile
 .fimport_coreinit.FSTruncateFile
                0x00000000c00000d0        0x8 C:/devkitPro/wut/lib\libwut.a(coreinit.o)
                0x00000000c00000d0                FSTruncateFile
 .fimport_coreinit.FSWriteFile
                0x00000000c00000d8        0x8 C:/devkitPro/wut/lib\libwut.a(coreinit.o)
                0x00000000c00000d8                FSWriteFile
 .fimport_coreinit.MEMAllocFromFrmHeapEx
                0x00000000c00000e0        0x8 C:/devkitPro/wut/lib\libwut.a(coreinit.o)
                0x00000000c00000e0                MEMAllocFromFrmHeapEx
 .fimport_coreinit.MEMFreeByStateToFrmHeap
                0x00000000c00000e8        0x8 C:/devkitPro/wut/lib\libwut.a(coreinit.o)
                0x00000000c00000e8                MEMFreeByStateToFrmHeap
 .fimport_coreinit.MEMGetBaseHeapHandle
                0x00000000c00000f0        0x8 C:/devkitPro/wut/lib\libwut.a(coreinit.o)
                0x00000000c00000f0                MEMGetBaseHeapHandle
 .fimport_coreinit.MEMRecordStateForFrmHeap
                0x00000000c00000f8        0x8 C:/devkitPro/wut/lib\libwut.a(coreinit.o)
                0x00000000c00000f8                MEMRecordStateForFrmHeap
 .fimport_coreinit.OSEnableHomeButtonMenu
                0x00000000c0000100        0x8 C:/devkitPro/wut/lib\libwut.a(coreinit.o)
                0x00000000c0000100                OSEnableHomeButtonMenu
 .fimport_coreinit.OSGetCoreId
                0x00000000c0000108        0x8 C:/devkitPro/wut/lib\libwut.a(coreinit.o)
                0x00000000c0000108                OSGetCoreId
 .fimport_coreinit.OSGetSystemInfo
                0x00000000c0000110        0x8 C:/devkitPro/wut/lib\libwut.a(coreinit.o)
                0x00000000c0000110                OSGetSystemInfo
 .fimport_coreinit.OSGetTitleID
                0x00000000c0000118        0x8 C:/devkitPro/wut/lib\libwut.a(coreinit.o)
                0x00000000c0000118                OSGetTitleID
 .fimport_coreinit.OSInitMutex
                0x00000000c0000120        0x8 C:/devkitPro/wut/lib\libwut.a(coreinit.o)
                0x00000000c0000120                OSInitMutex
 .fimport_coreinit.OSLockMutex
                0x00000000c0000128        0x8 C:/devkitPro/wut/lib\libwut.a(coreinit.o)
                0x00000000c0000128                OSLockMutex
 .fimport_coreinit.OSSavesDone_ReadyToRelease
                0x00000000c0000130        0x8 C:/devkitPro/wut/lib\libwut.a(coreinit.o)
                0x00000000c0000130                OSSavesDone_ReadyToRelease
 .fimport_coreinit.OSScreenClearBufferEx
                0x00000000c0000138        0x8 C:/devkitPro/wut/lib\libwut.a(coreinit.o)
                0x00000000c0000138                OSScreenClearBufferEx
 .fimport_coreinit.OSScreenEnableEx
                0x00000000c0000140        0x8 C:/devkitPro/wut/lib\libwut.a(coreinit.o)
                0x00000000c0000140                OSScreenEnableEx
 .fimport_coreinit.OSScreenFlipBuffersEx
                0x00000000c0000148        0x8 C:/devkitPro/wut/lib\libwut.a(coreinit.o)
                0x00000000c0000148                OSScreenFlipBuffersEx
 .fimport_coreinit.OSScreenGetBufferSizeEx
                0x00000000c0000150        0x8 C:/devkitPro/wut/lib\libwut.a(coreinit.o)
                0x00000000c0000150                OSScreenGetBufferSizeEx
 .fimport_coreinit.OSScreenInit
                0x00000000c0000158        0x8 C:/devkitPro/wut/lib\libwut.a(coreinit.o)
                0x00000000c0000158                OSScreenInit
 .fimport_coreinit.OSScreenPutFontEx
                0x00000000c0000160        0x8 C:/devkitPro/wut/lib\libwut.a(coreinit.o)
                0x00000000c0000160                OSScreenPutFontEx
 .fimport_coreinit.OSScreenSetBufferEx
                0x00000000c0000168        0x8 C:/devkitPro/wut/lib\libwut.a(coreinit.o)
                0x00000000c0000168                OSScreenSetBufferEx
 .fimport_coreinit.OSScreenShutdown
                0x00000000c0000170        0x8 C:/devkitPro/wut/lib\libwut.a(coreinit.o)
                0x00000000c0000170                OSScreenShutdown
 .fimport_coreinit.OSSleepTicks
                0x00000000c0000178        0x8 C:/devkitPro/wut/lib\libwut.a(coreinit.o)
                0x00000000c0000178                OSSleepTicks
 .fimport_coreinit.OSUnlockMutex
                0x00000000c0000180        0x8 C:/devkitPro/wut/lib\libwut.a(coreinit.o)
                0x00000000c0000180                OSUnlockMutex
 .fimport_coreinit.__rplwrap_exit
                0x00000000c0000188        0x8 C:/devkitPro/wut/lib\libwut.a(coreinit.o)
                0x00000000c0000188                __rplwrap_exit

.fimport_dc
 *(.fimport_dc)
 *(.fimport_dc.*)

.fimport_dmae
 *(.fimport_dmae)
 *(.fimport_dmae.*)

.fimport_drmapp
 *(.fimport_drmapp)
 *(.fimport_drmapp.*)

.fimport_erreula
 *(.fimport_erreula)
 *(.fimport_erreula.*)

.fimport_gx2
 *(.fimport_gx2)
 *(.fimport_gx2.*)

.fimport_h264
 *(.fimport_h264)
 *(.fimport_h264.*)

.fimport_lzma920
 *(.fimport_lzma920)
 *(.fimport_lzma920.*)

.fimport_mic
 *(.fimport_mic)
 *(.fimport_mic.*)

.fimport_nfc
 *(.fimport_nfc)
 *(.fimport_nfc.*)

.fimport_nio_prof
 *(.fimport_nio_prof)
 *(.fimport_nio_prof.*)

.fimport_nlibcurl
 *(.fimport_nlibcurl)
 *(.fimport_nlibcurl.*)

.fimport_nlibnss2
 *(.fimport_nlibnss2)
 *(.fimport_nlibnss2.*)

.fimport_nlibnss
 *(.fimport_nlibnss)
 *(.fimport_nlibnss.*)

.fimport_nn_ac
 *(.fimport_nn_ac)
 *(.fimport_nn_ac.*)

.fimport_nn_acp
 *(.fimport_nn_acp)
 *(.fimport_nn_acp.*)

.fimport_nn_act
 *(.fimport_nn_act)
 *(.fimport_nn_act.*)

.fimport_nn_aoc
 *(.fimport_nn_aoc)
 *(.fimport_nn_aoc.*)

.fimport_nn_boss
 *(.fimport_nn_boss)
 *(.fimport_nn_boss.*)

.fimport_nn_ccr
 *(.fimport_nn_ccr)
 *(.fimport_nn_ccr.*)

.fimport_nn_cmpt
 *(.fimport_nn_cmpt)
 *(.fimport_nn_cmpt.*)

.fimport_nn_dlp
 *(.fimport_nn_dlp)
 *(.fimport_nn_dlp.*)

.fimport_nn_ec
 *(.fimport_nn_ec)
 *(.fimport_nn_ec.*)

.fimport_nn_fp
 *(.fimport_nn_fp)
 *(.fimport_nn_fp.*)

.fimport_nn_hai
 *(.fimport_nn_hai)
 *(.fimport_nn_hai.*)

.fimport_nn_hpad
 *(.fimport_nn_hpad)
 *(.fimport_nn_hpad.*)

.fimport_nn_idbe
 *(.fimport_nn_idbe)
 *(.fimport_nn_idbe.*)

.fimport_nn_ndm
 *(.fimport_nn_ndm)
 *(.fimport_nn_ndm.*)

.fimport_nn_nets2
 *(.fimport_nn_nets2)
 *(.fimport_nn_nets2.*)

.fimport_nn_nfp
 *(.fimport_nn_nfp)
 *(.fimport_nn_nfp.*)

.fimport_nn_nim
 *(.fimport_nn_nim)
 *(.fimport_nn_nim.*)

.fimport_nn_olv
 *(.fimport_nn_olv)
 *(.fimport_nn_olv.*)

.fimport_nn_pdm
 *(.fimport_nn_pdm)
 *(.fimport_nn_pdm.*)

.fimport_nn_save
 *(.fimport_nn_save)
 *(.fimport_nn_save.*)

.fimport_nn_sl
 *(.fimport_nn_sl)
 *(.fimport_nn_sl.*)

.fimport_nn_spm
 *(.fimport_nn_spm)
 *(.fimport_nn_spm.*)

.fimport_nn_temp
 *(.fimport_nn_temp)
 *(.fimport_nn_temp.*)

.fimport_nn_uds
 *(.fimport_nn_uds)
 *(.fimport_nn_uds.*)

.fimport_nn_vctl
 *(.fimport_nn_vctl)
 *(.fimport_nn_vctl.*)

.fimport_nsysccr
 *(.fimport_nsysccr)
 *(.fimport_nsysccr.*)

.fimport_nsyshid
 *(.fimport_nsyshid)
 *(.fimport_nsyshid.*)

.fimport_nsyskbd
 *(.fimport_nsyskbd)
 *(.fimport_nsyskbd.*)

.fimport_nsysnet
                0x00000000c0000190       0x48
 *(.fimport_nsysnet)
 .fimport_nsysnet
                0x00000000c0000190       0x10 C:/devkitPro/wut/lib\libwut.a(nsysnet.o)
 *(.fimport_nsysnet.*)
 .fimport_nsysnet.connect
                0x00000000c00001a0        0x8 C:/devkitPro/wut/lib\libwut.a(nsysnet.o)
                0x00000000c00001a0                connect
 .fimport_nsysnet.inet_aton
                0x00000000c00001a8        0x8 C:/devkitPro/wut/lib\libwut.a(nsysnet.o)
                0x00000000c00001a8                inet_aton
 .fimport_nsysnet.send
                0x00000000c00001b0        0x8 C:/devkitPro/wut/lib\libwut.a(nsysnet.o)
                0x00000000c00001b0                send
 .fimport_nsysnet.socket
                0x00000000c00001b8        0x8 C:/devkitPro/wut/lib\libwut.a(nsysnet.o)
                0x00000000c00001b8                socket
 .fimport_nsysnet.socket_lib_finish
                0x00000000c00001c0        0x8 C:/devkitPro/wut/lib\libwut.a(nsysnet.o)
                0x00000000c00001c0                socket_lib_finish
 .fimport_nsysnet.socket_lib_init
                0x00000000c00001c8        0x8 C:/devkitPro/wut/lib\libwut.a(nsysnet.o)
                0x00000000c00001c8                socket_lib_init
 .fimport_nsysnet.socketclose
                0x00000000c00001d0        0x8 C:/devkitPro/wut/lib\libwut.a(nsysnet.o)
                0x00000000c00001d0                socketclose

.fimport_nsysuhs
 *(.fimport_nsysuhs)
 *(.fimport_nsysuhs.*)

.fimport_nsysuvd
 *(.fimport_nsysuvd)
 *(.fimport_nsysuvd.*)

.fimport_ntag
 *(.fimport_ntag)
 *(.fimport_ntag.*)

.fimport_padscore
                0x00000000c00001e0       0x28
 *(.fimport_padscore)
 .fimport_padscore
                0x00000000c00001e0       0x18 C:/devkitPro/wut/lib\libwut.a(padscore.o)
 *(.fimport_padscore.*)
 .fimport_padscore.KPADInit
                0x00000000c00001f8        0x8 C:/devkitPro/wut/lib\libwut.a(padscore.o)
                0x00000000c00001f8                KPADInit
 .fimport_padscore.WPADEnableURCC
                0x00000000c0000200        0x8 C:/devkitPro/wut/lib\libwut.a(padscore.o)
                0x00000000c0000200                WPADEnableURCC

.fimport_proc_ui
                0x00000000c0000210       0x20
 *(.fimport_proc_ui)
 .fimport_proc_ui
                0x00000000c0000210       0x10 C:/devkitPro/wut/lib\libwut.a(proc_ui.o)
 *(.fimport_proc_ui.*)
 .fimport_proc_ui.ProcUIInitEx
                0x00000000c0000220        0x8 C:/devkitPro/wut/lib\libwut.a(proc_ui.o)
                0x00000000c0000220                ProcUIInitEx
 .fimport_proc_ui.ProcUIRegisterCallback
                0x00000000c0000228        0x8 C:/devkitPro/wut/lib\libwut.a(proc_ui.o)
                0x00000000c0000228                ProcUIRegisterCallback

.fimport_sndcore2
 *(.fimport_sndcore2)
 *(.fimport_sndcore2.*)

.fimport_snd_core
 *(.fimport_snd_core)
 *(.fimport_snd_core.*)

.fimport_snduser2
 *(.fimport_snduser2)
 *(.fimport_snduser2.*)

.fimport_snd_user
 *(.fimport_snd_user)
 *(.fimport_snd_user.*)

.fimport_swkbd
 *(.fimport_swkbd)
 *(.fimport_swkbd.*)

.fimport_sysapp
                0x00000000c0000230       0x18
 *(.fimport_sysapp)
 .fimport_sysapp
                0x00000000c0000230       0x10 C:/devkitPro/wut/lib\libwut.a(sysapp.o)
 *(.fimport_sysapp.*)
 .fimport_sysapp.SYSRelaunchTitle
                0x00000000c0000240        0x8 C:/devkitPro/wut/lib\libwut.a(sysapp.o)
                0x00000000c0000240                SYSRelaunchTitle

.fimport_tcl
 *(.fimport_tcl)
 *(.fimport_tcl.*)

.fimport_tve
 *(.fimport_tve)
 *(.fimport_tve.*)

.fimport_uac
 *(.fimport_uac)
 *(.fimport_uac.*)

.fimport_uac_rpl
 *(.fimport_uac_rpl)
 *(.fimport_uac_rpl.*)

.fimport_usb_mic
 *(.fimport_usb_mic)
 *(.fimport_usb_mic.*)

.fimport_uvc
 *(.fimport_uvc)
 *(.fimport_uvc.*)

.fimport_uvd
 *(.fimport_uvd)
 *(.fimport_uvd.*)

.fimport_vpadbase
 *(.fimport_vpadbase)
 *(.fimport_vpadbase.*)

.fimport_vpad   0x00000000c0000250       0x20
 *(.fimport_vpad)
 .fimport_vpad  0x00000000c0000250       0x10 C:/devkitPro/wut/lib\libwut.a(vpad.o)
 *(.fimport_vpad.*)
 .fimport_vpad.VPADInit
                0x00000000c0000260        0x8 C:/devkitPro/wut/lib\libwut.a(vpad.o)
                0x00000000c0000260                VPADInit
 .fimport_vpad.VPADRead
                0x00000000c0000268        0x8 C:/devkitPro/wut/lib\libwut.a(vpad.o)
                0x00000000c0000268                VPADRead

.fimport_zlib125
 *(.fimport_zlib125)
 *(.fimport_zlib125.*)

.dimport_coreinit
                0x00000000c0000270       0x30
 *(.dimport_coreinit)
 .dimport_coreinit
                0x00000000c0000270       0x18 C:/devkitPro/wut/lib\libwut.a(coreinit.o)
 *(.dimport_coreinit.*)
 .dimport_coreinit.MEMAllocFromDefaultHeap
                0x00000000c0000288        0x8 C:/devkitPro/wut/lib\libwut.a(coreinit.o)
                0x00000000c0000288                MEMAllocFromDefaultHeap
 .dimport_coreinit.MEMAllocFromDefaultHeapEx
                0x00000000c0000290        0x8 C:/devkitPro/wut/lib\libwut.a(coreinit.o)
                0x00000000c0000290                MEMAllocFromDefaultHeapEx
 .dimport_coreinit.MEMFreeToDefaultHeap
                0x00000000c0000298        0x8 C:/devkitPro/wut/lib\libwut.a(coreinit.o)
                0x00000000c0000298                MEMFreeToDefaultHeap

.dimport_nn_act
 *(.dimport_nn_act)
 *(.dimport_nn_act.*)

.dimport_nn_boss
 *(.dimport_nn_boss)
 *(.dimport_nn_boss.*)

.dimport_nn_ec
 *(.dimport_nn_ec)
 *(.dimport_nn_ec.*)

.dimport_nn_nim
 *(.dimport_nn_nim)
 *(.dimport_nn_nim.*)

.dimport_nn_sl
 *(.dimport_nn_sl)
 *(.dimport_nn_sl.*)

.dimport_nn_uds
 *(.dimport_nn_uds)
 *(.dimport_nn_uds.*)

.symtab
 *(.symtab)

.strtab
 *(.strtab)

.shstrtab
 *(.shstrtab)
                0x0000000010005ae0                __SDATA_START__ = __sdata_start
                0x0000000010006b30                __SBSS_END__ = __sbss_end
                0x0000000010005ae8                __SDATA2_START__ = __sdata2_start
                0x0000000010006b30                __SBSS2_END__ = __sbss2_end
                0x0000000010006b30                _SDA_BASE_ = __sbss_end
                0x000000001000630c                _SDA2_BASE_ = (__sdata2_start + ((__sbss2_end - __sdata2_start) / 0x2))

/DISCARD/
 *(.abs)
 *(.comment)
 *(.gnu.attributes)
 *(.gnu.version)
 *(.gnu.version_d)
 *(.gnu.version_r)
LOAD c:/devkitpro/devkitppc/bin/../lib/gcc/powerpc-eabi/10.1.0/ecrti.o
LOAD c:/devkitpro/devkitppc/bin/../lib/gcc/powerpc-eabi/10.1.0/crtbegin.o
LOAD main.o
LOAD udp.o
LOAD C:/devkitPro/wut/lib\libwut.a
LOAD C:/devkitPro/portlibs/ppc/lib\libjansson.a
LOAD c:/devkitpro/devkitppc/bin/../lib/gcc/powerpc-eabi/10.1.0\libgcc.a
START GROUP
LOAD c:/devkitpro/devkitppc/bin/../lib/gcc/powerpc-eabi/10.1.0/../../../../powerpc-eabi/lib\libsysbase.a
LOAD c:/devkitpro/devkitppc/bin/../lib/gcc/powerpc-eabi/10.1.0/../../../../powerpc-eabi/lib\libc.a
END GROUP
LOAD c:/devkitpro/devkitppc/bin/../lib/gcc/powerpc-eabi/10.1.0\libgcc.a
LOAD c:/devkitpro/devkitppc/bin/../lib/gcc/powerpc-eabi/10.1.0/crtend.o
LOAD c:/devkitpro/devkitppc/bin/../lib/gcc/powerpc-eabi/10.1.0/ecrtn.o
OUTPUT(C:/devkitPro/projects/wiiupcx/wiiu-client/wiiupcx.elf elf32-powerpc)

.debug_info     0x0000000000000000    0x1d6e5
 .debug_info    0x0000000000000000      0xc0a main.o
 .debug_info    0x0000000000000c0a      0x57f udp.o
 .debug_info    0x0000000000001189       0x26 C:/devkitPro/wut/lib\libwut.a(crt0_rpx.o)
 .debug_info    0x00000000000011af       0xfc C:/devkitPro/wut/lib\libwut.a(wut_crt.o)
 .debug_info    0x00000000000012ab      0xc85 C:/devkitPro/wut/lib\libwut.a(wut_newlib.o)
 .debug_info    0x0000000000001f30      0xada C:/devkitPro/wut/lib\libwut.a(wut_gettod_r.o)
 .debug_info    0x0000000000002a0a      0x173 C:/devkitPro/wut/lib\libwut.a(wut_nanosleep.o)
 .debug_info    0x0000000000002b7d      0xf28 C:/devkitPro/wut/lib\libwut.a(wut_malloc.o)
 .debug_info    0x0000000000003aa5     0x14a2 C:/devkitPro/wut/lib\libwut.a(devoptab_fs.o)
 .debug_info    0x0000000000004f47      0xd33 C:/devkitPro/wut/lib\libwut.a(devoptab_fs_dirclose.o)
 .debug_info    0x0000000000005c7a      0xd49 C:/devkitPro/wut/lib\libwut.a(devoptab_fs_seek.o)
 .debug_info    0x00000000000069c3      0xd33 C:/devkitPro/wut/lib\libwut.a(devoptab_fs_dirreset.o)
 .debug_info    0x00000000000076f6      0xb48 C:/devkitPro/wut/lib\libwut.a(devoptab_fs_rmdir.o)
 .debug_info    0x000000000000823e      0xc53 C:/devkitPro/wut/lib\libwut.a(devoptab_fs_open.o)
 .debug_info    0x0000000000008e91      0xcb0 C:/devkitPro/wut/lib\libwut.a(devoptab_fs_write.o)
 .debug_info    0x0000000000009b41      0xbde C:/devkitPro/wut/lib\libwut.a(devoptab_fs_chmod.o)
 .debug_info    0x000000000000a71f      0x96e C:/devkitPro/wut/lib\libwut.a(devoptab_fs_fchmod.o)
 .debug_info    0x000000000000b08d      0xc11 C:/devkitPro/wut/lib\libwut.a(devoptab_fs_mkdir.o)
 .debug_info    0x000000000000bc9e      0xfde C:/devkitPro/wut/lib\libwut.a(devoptab_fs_dirnext.o)
 .debug_info    0x000000000000cc7c      0xa36 C:/devkitPro/wut/lib\libwut.a(devoptab_fs_statvfs.o)
 .debug_info    0x000000000000d6b2      0xbb3 C:/devkitPro/wut/lib\libwut.a(devoptab_fs_truncate.o)
 .debug_info    0x000000000000e265      0xbad C:/devkitPro/wut/lib\libwut.a(devoptab_fs_rename.o)
 .debug_info    0x000000000000ee12      0x123 C:/devkitPro/wut/lib\libwut.a(libmanager.o)
 .debug_info    0x000000000000ef35      0x3c6 C:/devkitPro/wut/lib\libwut.a(proc.o)
 .debug_info    0x000000000000f2fb     0x1338 C:/devkitPro/wut/lib\libwut.a(wut_gthread.o)
 .debug_info    0x0000000000010633      0x368 C:/devkitPro/wut/lib\libwut.a(wut_lock.o)
 .debug_info    0x000000000001099b      0xed7 C:/devkitPro/wut/lib\libwut.a(devoptab_fs_stat.o)
 .debug_info    0x0000000000011872      0xb48 C:/devkitPro/wut/lib\libwut.a(devoptab_fs_chdir.o)
 .debug_info    0x00000000000123ba      0xefc C:/devkitPro/wut/lib\libwut.a(devoptab_fs_fstat.o)
 .debug_info    0x00000000000132b6      0x94b C:/devkitPro/wut/lib\libwut.a(devoptab_fs_link.o)
 .debug_info    0x0000000000013c01      0xc9f C:/devkitPro/wut/lib\libwut.a(devoptab_fs_read.o)
 .debug_info    0x00000000000148a0      0xc10 C:/devkitPro/wut/lib\libwut.a(devoptab_fs_utils.o)
 .debug_info    0x00000000000154b0      0xb59 C:/devkitPro/wut/lib\libwut.a(devoptab_fs_close.o)
 .debug_info    0x0000000000016009      0xb48 C:/devkitPro/wut/lib\libwut.a(devoptab_fs_unlink.o)
 .debug_info    0x0000000000016b51      0xb59 C:/devkitPro/wut/lib\libwut.a(devoptab_fs_fsync.o)
 .debug_info    0x00000000000176aa      0xdee C:/devkitPro/wut/lib\libwut.a(devoptab_fs_diropen.o)
 .debug_info    0x0000000000018498      0x19e C:/devkitPro/wut/lib\libwut.a(wut_gthread_once.o)
 .debug_info    0x0000000000018636      0x8a0 C:/devkitPro/wut/lib\libwut.a(wut_gthread_mutex.o)
 .debug_info    0x0000000000018ed6     0x256d C:/devkitPro/wut/lib\libwut.a(wut_gthread_cond.o)
 .debug_info    0x000000000001b443      0xbcb C:/devkitPro/wut/lib\libwut.a(wut_gthread_thread.o)
 .debug_info    0x000000000001c00e      0xe33 C:/devkitPro/wut/lib\libwut.a(wut_gthread_keys.o)
 .debug_info    0x000000000001ce41      0x8a4 C:/devkitPro/wut/lib\libwut.a(wut_gthread_recursive_mutex.o)

.debug_abbrev   0x0000000000000000     0x5dab
 .debug_abbrev  0x0000000000000000      0x1c6 main.o
 .debug_abbrev  0x00000000000001c6      0x291 udp.o
 .debug_abbrev  0x0000000000000457       0x14 C:/devkitPro/wut/lib\libwut.a(crt0_rpx.o)
 .debug_abbrev  0x000000000000046b       0x5a C:/devkitPro/wut/lib\libwut.a(wut_crt.o)
 .debug_abbrev  0x00000000000004c5      0x260 C:/devkitPro/wut/lib\libwut.a(wut_newlib.o)
 .debug_abbrev  0x0000000000000725      0x207 C:/devkitPro/wut/lib\libwut.a(wut_gettod_r.o)
 .debug_abbrev  0x000000000000092c       0xdb C:/devkitPro/wut/lib\libwut.a(wut_nanosleep.o)
 .debug_abbrev  0x0000000000000a07      0x325 C:/devkitPro/wut/lib\libwut.a(wut_malloc.o)
 .debug_abbrev  0x0000000000000d2c      0x2a0 C:/devkitPro/wut/lib\libwut.a(devoptab_fs.o)
 .debug_abbrev  0x0000000000000fcc      0x2bc C:/devkitPro/wut/lib\libwut.a(devoptab_fs_dirclose.o)
 .debug_abbrev  0x0000000000001288      0x2aa C:/devkitPro/wut/lib\libwut.a(devoptab_fs_seek.o)
 .debug_abbrev  0x0000000000001532      0x2bc C:/devkitPro/wut/lib\libwut.a(devoptab_fs_dirreset.o)
 .debug_abbrev  0x00000000000017ee      0x287 C:/devkitPro/wut/lib\libwut.a(devoptab_fs_rmdir.o)
 .debug_abbrev  0x0000000000001a75      0x287 C:/devkitPro/wut/lib\libwut.a(devoptab_fs_open.o)
 .debug_abbrev  0x0000000000001cfc      0x28d C:/devkitPro/wut/lib\libwut.a(devoptab_fs_write.o)
 .debug_abbrev  0x0000000000001f89      0x290 C:/devkitPro/wut/lib\libwut.a(devoptab_fs_chmod.o)
 .debug_abbrev  0x0000000000002219      0x1e1 C:/devkitPro/wut/lib\libwut.a(devoptab_fs_fchmod.o)
 .debug_abbrev  0x00000000000023fa      0x27e C:/devkitPro/wut/lib\libwut.a(devoptab_fs_mkdir.o)
 .debug_abbrev  0x0000000000002678      0x2cd C:/devkitPro/wut/lib\libwut.a(devoptab_fs_dirnext.o)
 .debug_abbrev  0x0000000000002945      0x1e1 C:/devkitPro/wut/lib\libwut.a(devoptab_fs_statvfs.o)
 .debug_abbrev  0x0000000000002b26      0x273 C:/devkitPro/wut/lib\libwut.a(devoptab_fs_truncate.o)
 .debug_abbrev  0x0000000000002d99      0x292 C:/devkitPro/wut/lib\libwut.a(devoptab_fs_rename.o)
 .debug_abbrev  0x000000000000302b       0x90 C:/devkitPro/wut/lib\libwut.a(libmanager.o)
 .debug_abbrev  0x00000000000030bb      0x193 C:/devkitPro/wut/lib\libwut.a(proc.o)
 .debug_abbrev  0x000000000000324e      0x28f C:/devkitPro/wut/lib\libwut.a(wut_gthread.o)
 .debug_abbrev  0x00000000000034dd      0x126 C:/devkitPro/wut/lib\libwut.a(wut_lock.o)
 .debug_abbrev  0x0000000000003603      0x2bf C:/devkitPro/wut/lib\libwut.a(devoptab_fs_stat.o)
 .debug_abbrev  0x00000000000038c2      0x287 C:/devkitPro/wut/lib\libwut.a(devoptab_fs_chdir.o)
 .debug_abbrev  0x0000000000003b49      0x2a7 C:/devkitPro/wut/lib\libwut.a(devoptab_fs_fstat.o)
 .debug_abbrev  0x0000000000003df0      0x1d0 C:/devkitPro/wut/lib\libwut.a(devoptab_fs_link.o)
 .debug_abbrev  0x0000000000003fc0      0x28d C:/devkitPro/wut/lib\libwut.a(devoptab_fs_read.o)
 .debug_abbrev  0x000000000000424d      0x25b C:/devkitPro/wut/lib\libwut.a(devoptab_fs_utils.o)
 .debug_abbrev  0x00000000000044a8      0x273 C:/devkitPro/wut/lib\libwut.a(devoptab_fs_close.o)
 .debug_abbrev  0x000000000000471b      0x287 C:/devkitPro/wut/lib\libwut.a(devoptab_fs_unlink.o)
 .debug_abbrev  0x00000000000049a2      0x273 C:/devkitPro/wut/lib\libwut.a(devoptab_fs_fsync.o)
 .debug_abbrev  0x0000000000004c15      0x2cd C:/devkitPro/wut/lib\libwut.a(devoptab_fs_diropen.o)
 .debug_abbrev  0x0000000000004ee2       0xdb C:/devkitPro/wut/lib\libwut.a(wut_gthread_once.o)
 .debug_abbrev  0x0000000000004fbd      0x18c C:/devkitPro/wut/lib\libwut.a(wut_gthread_mutex.o)
 .debug_abbrev  0x0000000000005149      0x628 C:/devkitPro/wut/lib\libwut.a(wut_gthread_cond.o)
 .debug_abbrev  0x0000000000005771      0x211 C:/devkitPro/wut/lib\libwut.a(wut_gthread_thread.o)
 .debug_abbrev  0x0000000000005982      0x2c7 C:/devkitPro/wut/lib\libwut.a(wut_gthread_keys.o)
 .debug_abbrev  0x0000000000005c49      0x162 C:/devkitPro/wut/lib\libwut.a(wut_gthread_recursive_mutex.o)

.debug_loc      0x0000000000000000     0x3cd8
 .debug_loc     0x0000000000000000      0x1dc main.o
 .debug_loc     0x00000000000001dc      0x1fb udp.o
 .debug_loc     0x00000000000003d7      0x1b1 C:/devkitPro/wut/lib\libwut.a(wut_newlib.o)
 .debug_loc     0x0000000000000588       0x89 C:/devkitPro/wut/lib\libwut.a(wut_gettod_r.o)
 .debug_loc     0x0000000000000611       0x64 C:/devkitPro/wut/lib\libwut.a(wut_nanosleep.o)
 .debug_loc     0x0000000000000675      0x4da C:/devkitPro/wut/lib\libwut.a(wut_malloc.o)
 .debug_loc     0x0000000000000b4f       0xc8 C:/devkitPro/wut/lib\libwut.a(devoptab_fs.o)
 .debug_loc     0x0000000000000c17       0xd0 C:/devkitPro/wut/lib\libwut.a(devoptab_fs_dirclose.o)
 .debug_loc     0x0000000000000ce7      0x19c C:/devkitPro/wut/lib\libwut.a(devoptab_fs_seek.o)
 .debug_loc     0x0000000000000e83       0xd0 C:/devkitPro/wut/lib\libwut.a(devoptab_fs_dirreset.o)
 .debug_loc     0x0000000000000f53      0x106 C:/devkitPro/wut/lib\libwut.a(devoptab_fs_rmdir.o)
 .debug_loc     0x0000000000001059      0x20a C:/devkitPro/wut/lib\libwut.a(devoptab_fs_open.o)
 .debug_loc     0x0000000000001263      0x2d0 C:/devkitPro/wut/lib\libwut.a(devoptab_fs_write.o)
 .debug_loc     0x0000000000001533      0x128 C:/devkitPro/wut/lib\libwut.a(devoptab_fs_chmod.o)
 .debug_loc     0x000000000000165b       0x25 C:/devkitPro/wut/lib\libwut.a(devoptab_fs_fchmod.o)
 .debug_loc     0x0000000000001680      0x148 C:/devkitPro/wut/lib\libwut.a(devoptab_fs_mkdir.o)
 .debug_loc     0x00000000000017c8      0x1cb C:/devkitPro/wut/lib\libwut.a(devoptab_fs_dirnext.o)
 .debug_loc     0x0000000000001993       0x25 C:/devkitPro/wut/lib\libwut.a(devoptab_fs_statvfs.o)
 .debug_loc     0x00000000000019b8      0x139 C:/devkitPro/wut/lib\libwut.a(devoptab_fs_truncate.o)
 .debug_loc     0x0000000000001af1      0x19e C:/devkitPro/wut/lib\libwut.a(devoptab_fs_rename.o)
 .debug_loc     0x0000000000001c8f       0xb7 C:/devkitPro/wut/lib\libwut.a(proc.o)
 .debug_loc     0x0000000000001d46      0x553 C:/devkitPro/wut/lib\libwut.a(wut_gthread.o)
 .debug_loc     0x0000000000002299      0x19a C:/devkitPro/wut/lib\libwut.a(wut_lock.o)
 .debug_loc     0x0000000000002433      0x1bd C:/devkitPro/wut/lib\libwut.a(devoptab_fs_stat.o)
 .debug_loc     0x00000000000025f0      0x106 C:/devkitPro/wut/lib\libwut.a(devoptab_fs_chdir.o)
 .debug_loc     0x00000000000026f6      0x138 C:/devkitPro/wut/lib\libwut.a(devoptab_fs_fstat.o)
 .debug_loc     0x000000000000282e       0x25 C:/devkitPro/wut/lib\libwut.a(devoptab_fs_link.o)
 .debug_loc     0x0000000000002853      0x36c C:/devkitPro/wut/lib\libwut.a(devoptab_fs_read.o)
 .debug_loc     0x0000000000002bbf      0x1b1 C:/devkitPro/wut/lib\libwut.a(devoptab_fs_utils.o)
 .debug_loc     0x0000000000002d70       0xdc C:/devkitPro/wut/lib\libwut.a(devoptab_fs_close.o)
 .debug_loc     0x0000000000002e4c      0x106 C:/devkitPro/wut/lib\libwut.a(devoptab_fs_unlink.o)
 .debug_loc     0x0000000000002f52       0xdc C:/devkitPro/wut/lib\libwut.a(devoptab_fs_fsync.o)
 .debug_loc     0x000000000000302e      0x1e8 C:/devkitPro/wut/lib\libwut.a(devoptab_fs_diropen.o)
 .debug_loc     0x0000000000003216       0x7e C:/devkitPro/wut/lib\libwut.a(wut_gthread_once.o)
 .debug_loc     0x0000000000003294       0xb9 C:/devkitPro/wut/lib\libwut.a(wut_gthread_mutex.o)
 .debug_loc     0x000000000000334d      0x2f4 C:/devkitPro/wut/lib\libwut.a(wut_gthread_cond.o)
 .debug_loc     0x0000000000003641      0x280 C:/devkitPro/wut/lib\libwut.a(wut_gthread_thread.o)
 .debug_loc     0x00000000000038c1      0x35e C:/devkitPro/wut/lib\libwut.a(wut_gthread_keys.o)
 .debug_loc     0x0000000000003c1f       0xb9 C:/devkitPro/wut/lib\libwut.a(wut_gthread_recursive_mutex.o)

.debug_aranges  0x0000000000000000      0x810
 .debug_aranges
                0x0000000000000000       0x20 main.o
 .debug_aranges
                0x0000000000000020       0x40 udp.o
 .debug_aranges
                0x0000000000000060       0x20 C:/devkitPro/wut/lib\libwut.a(crt0_rpx.o)
 .debug_aranges
                0x0000000000000080       0x28 C:/devkitPro/wut/lib\libwut.a(wut_crt.o)
 .debug_aranges
                0x00000000000000a8       0x60 C:/devkitPro/wut/lib\libwut.a(wut_newlib.o)
 .debug_aranges
                0x0000000000000108       0x20 C:/devkitPro/wut/lib\libwut.a(wut_gettod_r.o)
 .debug_aranges
                0x0000000000000128       0x20 C:/devkitPro/wut/lib\libwut.a(wut_nanosleep.o)
 .debug_aranges
                0x0000000000000148       0x80 C:/devkitPro/wut/lib\libwut.a(wut_malloc.o)
 .debug_aranges
                0x00000000000001c8       0x28 C:/devkitPro/wut/lib\libwut.a(devoptab_fs.o)
 .debug_aranges
                0x00000000000001f0       0x20 C:/devkitPro/wut/lib\libwut.a(devoptab_fs_dirclose.o)
 .debug_aranges
                0x0000000000000210       0x20 C:/devkitPro/wut/lib\libwut.a(devoptab_fs_seek.o)
 .debug_aranges
                0x0000000000000230       0x20 C:/devkitPro/wut/lib\libwut.a(devoptab_fs_dirreset.o)
 .debug_aranges
                0x0000000000000250       0x20 C:/devkitPro/wut/lib\libwut.a(devoptab_fs_rmdir.o)
 .debug_aranges
                0x0000000000000270       0x20 C:/devkitPro/wut/lib\libwut.a(devoptab_fs_open.o)
 .debug_aranges
                0x0000000000000290       0x20 C:/devkitPro/wut/lib\libwut.a(devoptab_fs_write.o)
 .debug_aranges
                0x00000000000002b0       0x20 C:/devkitPro/wut/lib\libwut.a(devoptab_fs_chmod.o)
 .debug_aranges
                0x00000000000002d0       0x20 C:/devkitPro/wut/lib\libwut.a(devoptab_fs_fchmod.o)
 .debug_aranges
                0x00000000000002f0       0x20 C:/devkitPro/wut/lib\libwut.a(devoptab_fs_mkdir.o)
 .debug_aranges
                0x0000000000000310       0x20 C:/devkitPro/wut/lib\libwut.a(devoptab_fs_dirnext.o)
 .debug_aranges
                0x0000000000000330       0x20 C:/devkitPro/wut/lib\libwut.a(devoptab_fs_statvfs.o)
 .debug_aranges
                0x0000000000000350       0x20 C:/devkitPro/wut/lib\libwut.a(devoptab_fs_truncate.o)
 .debug_aranges
                0x0000000000000370       0x20 C:/devkitPro/wut/lib\libwut.a(devoptab_fs_rename.o)
 .debug_aranges
                0x0000000000000390       0x28 C:/devkitPro/wut/lib\libwut.a(libmanager.o)
 .debug_aranges
                0x00000000000003b8       0x48 C:/devkitPro/wut/lib\libwut.a(proc.o)
 .debug_aranges
                0x0000000000000400      0x108 C:/devkitPro/wut/lib\libwut.a(wut_gthread.o)
 .debug_aranges
                0x0000000000000508       0x38 C:/devkitPro/wut/lib\libwut.a(wut_lock.o)
 .debug_aranges
                0x0000000000000540       0x20 C:/devkitPro/wut/lib\libwut.a(devoptab_fs_stat.o)
 .debug_aranges
                0x0000000000000560       0x20 C:/devkitPro/wut/lib\libwut.a(devoptab_fs_chdir.o)
 .debug_aranges
                0x0000000000000580       0x20 C:/devkitPro/wut/lib\libwut.a(devoptab_fs_fstat.o)
 .debug_aranges
                0x00000000000005a0       0x20 C:/devkitPro/wut/lib\libwut.a(devoptab_fs_link.o)
 .debug_aranges
                0x00000000000005c0       0x20 C:/devkitPro/wut/lib\libwut.a(devoptab_fs_read.o)
 .debug_aranges
                0x00000000000005e0       0x28 C:/devkitPro/wut/lib\libwut.a(devoptab_fs_utils.o)
 .debug_aranges
                0x0000000000000608       0x20 C:/devkitPro/wut/lib\libwut.a(devoptab_fs_close.o)
 .debug_aranges
                0x0000000000000628       0x20 C:/devkitPro/wut/lib\libwut.a(devoptab_fs_unlink.o)
 .debug_aranges
                0x0000000000000648       0x20 C:/devkitPro/wut/lib\libwut.a(devoptab_fs_fsync.o)
 .debug_aranges
                0x0000000000000668       0x20 C:/devkitPro/wut/lib\libwut.a(devoptab_fs_diropen.o)
 .debug_aranges
                0x0000000000000688       0x20 C:/devkitPro/wut/lib\libwut.a(wut_gthread_once.o)
 .debug_aranges
                0x00000000000006a8       0x40 C:/devkitPro/wut/lib\libwut.a(wut_gthread_mutex.o)
 .debug_aranges
                0x00000000000006e8       0x48 C:/devkitPro/wut/lib\libwut.a(wut_gthread_cond.o)
 .debug_aranges
                0x0000000000000730       0x58 C:/devkitPro/wut/lib\libwut.a(wut_gthread_thread.o)
 .debug_aranges
                0x0000000000000788       0x48 C:/devkitPro/wut/lib\libwut.a(wut_gthread_keys.o)
 .debug_aranges
                0x00000000000007d0       0x40 C:/devkitPro/wut/lib\libwut.a(wut_gthread_recursive_mutex.o)

.debug_ranges   0x0000000000000000      0x6d8
 .debug_ranges  0x0000000000000000       0x10 main.o
 .debug_ranges  0x0000000000000010       0x50 udp.o
 .debug_ranges  0x0000000000000060       0x18 C:/devkitPro/wut/lib\libwut.a(wut_crt.o)
 .debug_ranges  0x0000000000000078       0x50 C:/devkitPro/wut/lib\libwut.a(wut_newlib.o)
 .debug_ranges  0x00000000000000c8       0x10 C:/devkitPro/wut/lib\libwut.a(wut_gettod_r.o)
 .debug_ranges  0x00000000000000d8       0x10 C:/devkitPro/wut/lib\libwut.a(wut_nanosleep.o)
 .debug_ranges  0x00000000000000e8       0x70 C:/devkitPro/wut/lib\libwut.a(wut_malloc.o)
 .debug_ranges  0x0000000000000158       0x40 C:/devkitPro/wut/lib\libwut.a(devoptab_fs.o)
 .debug_ranges  0x0000000000000198       0x10 C:/devkitPro/wut/lib\libwut.a(devoptab_fs_dirclose.o)
 .debug_ranges  0x00000000000001a8       0x10 C:/devkitPro/wut/lib\libwut.a(devoptab_fs_seek.o)
 .debug_ranges  0x00000000000001b8       0x10 C:/devkitPro/wut/lib\libwut.a(devoptab_fs_dirreset.o)
 .debug_ranges  0x00000000000001c8       0x10 C:/devkitPro/wut/lib\libwut.a(devoptab_fs_rmdir.o)
 .debug_ranges  0x00000000000001d8       0x10 C:/devkitPro/wut/lib\libwut.a(devoptab_fs_open.o)
 .debug_ranges  0x00000000000001e8       0x30 C:/devkitPro/wut/lib\libwut.a(devoptab_fs_write.o)
 .debug_ranges  0x0000000000000218       0x10 C:/devkitPro/wut/lib\libwut.a(devoptab_fs_chmod.o)
 .debug_ranges  0x0000000000000228       0x10 C:/devkitPro/wut/lib\libwut.a(devoptab_fs_fchmod.o)
 .debug_ranges  0x0000000000000238       0x10 C:/devkitPro/wut/lib\libwut.a(devoptab_fs_mkdir.o)
 .debug_ranges  0x0000000000000248       0x10 C:/devkitPro/wut/lib\libwut.a(devoptab_fs_dirnext.o)
 .debug_ranges  0x0000000000000258       0x10 C:/devkitPro/wut/lib\libwut.a(devoptab_fs_statvfs.o)
 .debug_ranges  0x0000000000000268       0x10 C:/devkitPro/wut/lib\libwut.a(devoptab_fs_truncate.o)
 .debug_ranges  0x0000000000000278       0x10 C:/devkitPro/wut/lib\libwut.a(devoptab_fs_rename.o)
 .debug_ranges  0x0000000000000288       0x18 C:/devkitPro/wut/lib\libwut.a(libmanager.o)
 .debug_ranges  0x00000000000002a0       0x38 C:/devkitPro/wut/lib\libwut.a(proc.o)
 .debug_ranges  0x00000000000002d8       0xf8 C:/devkitPro/wut/lib\libwut.a(wut_gthread.o)
 .debug_ranges  0x00000000000003d0       0x28 C:/devkitPro/wut/lib\libwut.a(wut_lock.o)
 .debug_ranges  0x00000000000003f8       0x10 C:/devkitPro/wut/lib\libwut.a(devoptab_fs_stat.o)
 .debug_ranges  0x0000000000000408       0x10 C:/devkitPro/wut/lib\libwut.a(devoptab_fs_chdir.o)
 .debug_ranges  0x0000000000000418       0x10 C:/devkitPro/wut/lib\libwut.a(devoptab_fs_fstat.o)
 .debug_ranges  0x0000000000000428       0x10 C:/devkitPro/wut/lib\libwut.a(devoptab_fs_link.o)
 .debug_ranges  0x0000000000000438       0x30 C:/devkitPro/wut/lib\libwut.a(devoptab_fs_read.o)
 .debug_ranges  0x0000000000000468       0x18 C:/devkitPro/wut/lib\libwut.a(devoptab_fs_utils.o)
 .debug_ranges  0x0000000000000480       0x10 C:/devkitPro/wut/lib\libwut.a(devoptab_fs_close.o)
 .debug_ranges  0x0000000000000490       0x10 C:/devkitPro/wut/lib\libwut.a(devoptab_fs_unlink.o)
 .debug_ranges  0x00000000000004a0       0x10 C:/devkitPro/wut/lib\libwut.a(devoptab_fs_fsync.o)
 .debug_ranges  0x00000000000004b0       0x10 C:/devkitPro/wut/lib\libwut.a(devoptab_fs_diropen.o)
 .debug_ranges  0x00000000000004c0       0x10 C:/devkitPro/wut/lib\libwut.a(wut_gthread_once.o)
 .debug_ranges  0x00000000000004d0       0x30 C:/devkitPro/wut/lib\libwut.a(wut_gthread_mutex.o)
 .debug_ranges  0x0000000000000500       0xc0 C:/devkitPro/wut/lib\libwut.a(wut_gthread_cond.o)
 .debug_ranges  0x00000000000005c0       0x48 C:/devkitPro/wut/lib\libwut.a(wut_gthread_thread.o)
 .debug_ranges  0x0000000000000608       0xa0 C:/devkitPro/wut/lib\libwut.a(wut_gthread_keys.o)
 .debug_ranges  0x00000000000006a8       0x30 C:/devkitPro/wut/lib\libwut.a(wut_gthread_recursive_mutex.o)

.debug_line     0x0000000000000000     0x7f74
 .debug_line    0x0000000000000000      0x3c9 main.o
 .debug_line    0x00000000000003c9      0x3b9 udp.o
 .debug_line    0x0000000000000782       0x9c C:/devkitPro/wut/lib\libwut.a(crt0_rpx.o)
 .debug_line    0x000000000000081e       0xd8 C:/devkitPro/wut/lib\libwut.a(wut_crt.o)
 .debug_line    0x00000000000008f6      0x2a6 C:/devkitPro/wut/lib\libwut.a(wut_newlib.o)
 .debug_line    0x0000000000000b9c      0x266 C:/devkitPro/wut/lib\libwut.a(wut_gettod_r.o)
 .debug_line    0x0000000000000e02      0x21c C:/devkitPro/wut/lib\libwut.a(wut_nanosleep.o)
 .debug_line    0x000000000000101e      0x471 C:/devkitPro/wut/lib\libwut.a(wut_malloc.o)
 .debug_line    0x000000000000148f      0x424 C:/devkitPro/wut/lib\libwut.a(devoptab_fs.o)
 .debug_line    0x00000000000018b3      0x28d C:/devkitPro/wut/lib\libwut.a(devoptab_fs_dirclose.o)
 .debug_line    0x0000000000001b40      0x311 C:/devkitPro/wut/lib\libwut.a(devoptab_fs_seek.o)
 .debug_line    0x0000000000001e51      0x28d C:/devkitPro/wut/lib\libwut.a(devoptab_fs_dirreset.o)
 .debug_line    0x00000000000020de      0x2c0 C:/devkitPro/wut/lib\libwut.a(devoptab_fs_rmdir.o)
 .debug_line    0x000000000000239e      0x34f C:/devkitPro/wut/lib\libwut.a(devoptab_fs_open.o)
 .debug_line    0x00000000000026ed      0x387 C:/devkitPro/wut/lib\libwut.a(devoptab_fs_write.o)
 .debug_line    0x0000000000002a74      0x2c5 C:/devkitPro/wut/lib\libwut.a(devoptab_fs_chmod.o)
 .debug_line    0x0000000000002d39      0x1b0 C:/devkitPro/wut/lib\libwut.a(devoptab_fs_fchmod.o)
 .debug_line    0x0000000000002ee9      0x2c1 C:/devkitPro/wut/lib\libwut.a(devoptab_fs_mkdir.o)
 .debug_line    0x00000000000031aa      0x377 C:/devkitPro/wut/lib\libwut.a(devoptab_fs_dirnext.o)
 .debug_line    0x0000000000003521      0x1be C:/devkitPro/wut/lib\libwut.a(devoptab_fs_statvfs.o)
 .debug_line    0x00000000000036df      0x2ab C:/devkitPro/wut/lib\libwut.a(devoptab_fs_truncate.o)
 .debug_line    0x000000000000398a      0x2e5 C:/devkitPro/wut/lib\libwut.a(devoptab_fs_rename.o)
 .debug_line    0x0000000000003c6f      0x284 C:/devkitPro/wut/lib\libwut.a(libmanager.o)
 .debug_line    0x0000000000003ef3      0x48d C:/devkitPro/wut/lib\libwut.a(proc.o)
 .debug_line    0x0000000000004380      0x642 C:/devkitPro/wut/lib\libwut.a(wut_gthread.o)
 .debug_line    0x00000000000049c2      0x2d0 C:/devkitPro/wut/lib\libwut.a(wut_lock.o)
 .debug_line    0x0000000000004c92      0x371 C:/devkitPro/wut/lib\libwut.a(devoptab_fs_stat.o)
 .debug_line    0x0000000000005003      0x2c0 C:/devkitPro/wut/lib\libwut.a(devoptab_fs_chdir.o)
 .debug_line    0x00000000000052c3      0x30e C:/devkitPro/wut/lib\libwut.a(devoptab_fs_fstat.o)
 .debug_line    0x00000000000055d1      0x1a3 C:/devkitPro/wut/lib\libwut.a(devoptab_fs_link.o)
 .debug_line    0x0000000000005774      0x39c C:/devkitPro/wut/lib\libwut.a(devoptab_fs_read.o)
 .debug_line    0x0000000000005b10      0x325 C:/devkitPro/wut/lib\libwut.a(devoptab_fs_utils.o)
 .debug_line    0x0000000000005e35      0x27b C:/devkitPro/wut/lib\libwut.a(devoptab_fs_close.o)
 .debug_line    0x00000000000060b0      0x2c2 C:/devkitPro/wut/lib\libwut.a(devoptab_fs_unlink.o)
 .debug_line    0x0000000000006372      0x27b C:/devkitPro/wut/lib\libwut.a(devoptab_fs_fsync.o)
 .debug_line    0x00000000000065ed      0x33c C:/devkitPro/wut/lib\libwut.a(devoptab_fs_diropen.o)
 .debug_line    0x0000000000006929      0x208 C:/devkitPro/wut/lib\libwut.a(wut_gthread_once.o)
 .debug_line    0x0000000000006b31      0x2ac C:/devkitPro/wut/lib\libwut.a(wut_gthread_mutex.o)
 .debug_line    0x0000000000006ddd      0x59f C:/devkitPro/wut/lib\libwut.a(wut_gthread_cond.o)
 .debug_line    0x000000000000737c      0x402 C:/devkitPro/wut/lib\libwut.a(wut_gthread_thread.o)
 .debug_line    0x000000000000777e      0x534 C:/devkitPro/wut/lib\libwut.a(wut_gthread_keys.o)
 .debug_line    0x0000000000007cb2      0x2c2 C:/devkitPro/wut/lib\libwut.a(wut_gthread_recursive_mutex.o)

.debug_str      0x0000000000000000     0x63be
 .debug_str     0x0000000000000000      0x86e main.o
                                        0x903 (size before relaxing)
 .debug_str     0x000000000000086e      0x1dd udp.o
                                        0x35a (size before relaxing)
 .debug_str     0x0000000000000a4b       0xc2 C:/devkitPro/wut/lib\libwut.a(crt0_rpx.o)
 .debug_str     0x0000000000000b0d      0x172 C:/devkitPro/wut/lib\libwut.a(wut_crt.o)
                                        0x1c3 (size before relaxing)
 .debug_str     0x0000000000000c7f      0x554 C:/devkitPro/wut/lib\libwut.a(wut_newlib.o)
                                        0x741 (size before relaxing)
 .debug_str     0x00000000000011d3       0xab C:/devkitPro/wut/lib\libwut.a(wut_gettod_r.o)
                                        0x693 (size before relaxing)
 .debug_str     0x000000000000127e       0x92 C:/devkitPro/wut/lib\libwut.a(wut_nanosleep.o)
                                        0x238 (size before relaxing)
 .debug_str     0x0000000000001310      0x1df C:/devkitPro/wut/lib\libwut.a(wut_malloc.o)
                                        0x7e4 (size before relaxing)
 .debug_str     0x00000000000014ef      0x581 C:/devkitPro/wut/lib\libwut.a(devoptab_fs.o)
                                        0xc03 (size before relaxing)
 .debug_str     0x0000000000001a70      0x213 C:/devkitPro/wut/lib\libwut.a(devoptab_fs_dirclose.o)
                                        0x978 (size before relaxing)
 .debug_str     0x0000000000001c83       0xc6 C:/devkitPro/wut/lib\libwut.a(devoptab_fs_seek.o)
                                        0x955 (size before relaxing)
 .debug_str     0x0000000000001d49       0x94 C:/devkitPro/wut/lib\libwut.a(devoptab_fs_dirreset.o)
                                        0x979 (size before relaxing)
 .debug_str     0x0000000000001ddd       0xa6 C:/devkitPro/wut/lib\libwut.a(devoptab_fs_rmdir.o)
                                        0x7cb (size before relaxing)
 .debug_str     0x0000000000001e83       0xaa C:/devkitPro/wut/lib\libwut.a(devoptab_fs_open.o)
                                        0x832 (size before relaxing)
 .debug_str     0x0000000000001f2d       0xbc C:/devkitPro/wut/lib\libwut.a(devoptab_fs_write.o)
                                        0x86a (size before relaxing)
 .debug_str     0x0000000000001fe9       0x8f C:/devkitPro/wut/lib\libwut.a(devoptab_fs_chmod.o)
                                        0x8a4 (size before relaxing)
 .debug_str     0x0000000000002078       0x84 C:/devkitPro/wut/lib\libwut.a(devoptab_fs_fchmod.o)
                                        0x5c3 (size before relaxing)
 .debug_str     0x00000000000020fc      0x3d7 C:/devkitPro/wut/lib\libwut.a(devoptab_fs_mkdir.o)
                                        0x98a (size before relaxing)
 .debug_str     0x00000000000024d3       0xa2 C:/devkitPro/wut/lib\libwut.a(devoptab_fs_dirnext.o)
                                        0xae0 (size before relaxing)
 .debug_str     0x0000000000002575       0x86 C:/devkitPro/wut/lib\libwut.a(devoptab_fs_statvfs.o)
                                        0x654 (size before relaxing)
 .debug_str     0x00000000000025fb       0x98 C:/devkitPro/wut/lib\libwut.a(devoptab_fs_truncate.o)